#
# A fatal error has been detected by the Java Runtime Environment:
#
#  EXCEPTION_ACCESS_VIOLATION (0xc0000005) at pc=0x0000015929945108, pid=31868, tid=35600
#
# JRE version: OpenJDK Runtime Environment Temurin-23.0.1+11 (23.0.1+11) (build 23.0.1+11)
# Java VM: OpenJDK 64-Bit Server VM Temurin-23.0.1+11 (23.0.1+11, mixed mode, sharing, tiered, compressed oops, compressed class ptrs, g1 gc, windows-amd64)
# Problematic frame:
# j  java.lang.invoke.DirectMethodHandle$Holder.newInvokeSpecial(Ljava/lang/Object;)Ljava/lang/Object;+15 java.base@23.0.1
#
# No core dump will be written. Minidumps are not enabled by default on client versions of Windows
#
# If you would like to submit a bug report, please visit:
#   https://github.com/adoptium/adoptium-support/issues
#

---------------  S U M M A R Y ------------

Command Line: -XX:+ShowCodeDetailsInExceptionMessages -agentlib:jdwp=transport=dt_socket,suspend=y,address=localhost:52249 -javaagent:D:\Program Files\eclipse\configuration\org.eclipse.osgi\252\0\.cp\lib\javaagent-shaded.jar -Dfile.encoding=UTF-8 -Dstdout.encoding=UTF-8 -Dstderr.encoding=UTF-8 com.cg.restwebservices.restful_webservice.RestfulWebserviceApplication

Host: Intel(R) Core(TM) i5-8300H CPU @ 2.30GHz, 8 cores, 7G,  Windows 10 , 64 bit Build 19041 (10.0.19041.5198)
Time: Sun Feb  2 18:17:02 2025 India Standard Time elapsed time: 2182.011539 seconds (0d 0h 36m 22s)

---------------  T H R E A D  ---------------

Current thread (0x000001597cea5570):  JavaThread "restartedMain"        [_thread_in_Java, id=35600, stack(0x000000036f600000,0x000000036f700000) (1024K)]

Stack: [0x000000036f600000,0x000000036f700000],  sp=0x000000036f6fd690,  free space=1013k
Native frames: (J=compiled Java code, j=interpreted, Vv=VM code, C=native code)
C  0x0000015929945108  (no source info available)

The last pc belongs to invokestatic (printed below).

siginfo: EXCEPTION_ACCESS_VIOLATION (0xc0000005), reading address 0xffffffffffffffff


Registers:
RAX=0x0000015978994910, RBX=0x0000015978024098, RCX=0x00000159370111d0, RDX=0x0000000000000002
RSP=0x000000036f6fd690, RBP=0x000000036f6fd6e8, RSI=0x000001597ea54ec8, RDI=0x0000015906242450
R8 =0x0000000000000004, R9 =0x0000000000000004, R10=0x00007ffeae21bae0, R11=0x00000159371e5080
R12=0x0000000000000000, R13=0xfffffffffffffff7, R14=0x000000036f6fd708, R15=0x000001597cea5570
RIP=0x0000015929945108, EFLAGS=0x0000000000010282


Register to memory mapping:

RAX=0x0000015978994910 is pointing into metadata
RBX={method} {0x00000159780240a0} 'linkToSpecial' '(Ljava/lang/Object;Ljava/lang/invoke/MemberName;)V' in 'java/lang/invoke/MethodHandle'
RCX=0x00000159370111d0 is pointing into metadata
RDX=0x0000000000000002 is an unknown value
RSP=0x000000036f6fd690 is pointing into the stack for thread: 0x000001597cea5570
RBP=0x000000036f6fd6e8 is pointing into the stack for thread: 0x000001597cea5570
RSI=0x000001597ea54ec8 points into unknown readable memory: 0x88001802ff02c58e | 8e c5 02 ff 02 18 00 88
RDI=0x0000015906242450 points into unknown readable memory: 0x0000001800000070 | 70 00 00 00 18 00 00 00
R8 =0x0000000000000004 is an unknown value
R9 =0x0000000000000004 is an unknown value
R10=0x00007ffeae21bae0 jvm.dll
R11={method} {0x00000159371e5088} 'newInvokeSpecial' '(Ljava/lang/Object;)Ljava/lang/Object;' in 'java/lang/invoke/DirectMethodHandle$Holder'
R12=0x0 is null
R13=0xfffffffffffffff7 is an unknown value
R14=0x000000036f6fd708 is pointing into the stack for thread: 0x000001597cea5570
R15=0x000001597cea5570 is a thread

Top of Stack: (sp=0x000000036f6fd690)
0x000000036f6fd690:   0000015929929054 000000008528c998
0x000000036f6fd6a0:   fffffffffffffff7 00000159377f12f7
0x000000036f6fd6b0:   0000000000000004 00000159371e1370
0x000000036f6fd6c0:   0000015978994908 00000000821d6f10
0x000000036f6fd6d0:   00000159371e5080 0000000000000000
0x000000036f6fd6e0:   000000036f6fd710 0000000000000000
0x000000036f6fd6f0:   000001592a2bf255 000000008528c8f0
0x000000036f6fd700:   000000008528c998 000000008528c950
0x000000036f6fd710:   000000008528c950 0000000085282af0
0x000000036f6fd720:   0000000000000000 0000000000000000
0x000000036f6fd730:   0000000000000000 0000000000000000
0x000000036f6fd740:   000000008528c980 0000015929f0aed0
0x000000036f6fd750:   fffffffffffffff7 0000015979541ea9
0x000000036f6fd760:   000000008528c950 00000159795420a0
0x000000036f6fd770:   000001592a2be584 00000000835ae7c8
0x000000036f6fd780:   000000036f6fd850 00000159227913e6
0x000000036f6fd790:   000000008528c6c8 000000008528c710
0x000000036f6fd7a0:   0000000000000000 fffffffffffffff7
0x000000036f6fd7b0:   000001597b6a8e90 0000000085282af0
0x000000036f6fd7c0:   0000000000000000 0000000000000000
0x000000036f6fd7d0:   000001592279132c 000001597b6a8ea8
0x000000036f6fd7e0:   000000036f6fd850 0000015929929581
0x000000036f6fd7f0:   0000000000000000 0000000085282af0
0x000000036f6fd800:   0000000085282ac8 fffffffffffffff7
0x000000036f6fd810:   000001597b6a80c3 0000000000000004
0x000000036f6fd820:   000001597b6a9df8 0000000000000000
0x000000036f6fd830:   00000000831a8670 000001597b6a8118
0x000000036f6fd840:   fffffffffffffff4 000000036f6fd868
0x000000036f6fd850:   000000036f6fd8c0 000001592992a31b
0x000000036f6fd860:   0000000000000000 000000008558aab8
0x000000036f6fd870:   0000000085282ac8 fffffffffffffff7
0x000000036f6fd880:   000001597b49ef62 0000000000000003 

Instructions: (pc=0x0000015929945108)
0x0000015929945008:   ff d0 48 83 c4 20 ff e0 49 83 7f 08 00 0f 84 05
0x0000015929945018:   00 00 00 e9 a0 be fd ff 4c 8b 6d c0 4c 8b 75 c8
0x0000015929945028:   4e 8d 74 f5 00 c3 48 8b 4d d0 41 0f b7 55 01 48
0x0000015929945038:   8b 49 30 6b d2 18 48 8d 4c 11 08 48 8b 19 48 8b
0x0000015929945048:   5b 08 48 8b 5b 08 48 8b 5b 18 80 bb 31 01 00 00
0x0000015929945058:   04 0f 84 0d 00 00 00 4c 3b bb 38 01 00 00 0f 85
0x0000015929945068:   63 fe ff ff 0f b6 51 15 48 8b 19 4c 89 6d c0 44
0x0000015929945078:   8b ea 0f b6 51 14 49 ba e0 ba 21 ae fe 7f 00 00
0x0000015929945088:   49 8b 14 d2 52 41 8b d5 4c 8b 6d c0 48 8b 45 d8
0x0000015929945098:   48 85 c0 0f 84 12 00 00 00 48 83 40 08 01 48 83
0x00000159299450a8:   58 08 00 48 83 c0 10 48 89 45 d8 48 8b 45 d8 48
0x00000159299450b8:   85 c0 0f 84 3d 01 00 00 80 78 f0 0a 0f 85 33 01
0x00000159299450c8:   00 00 48 83 c0 08 4c 8b 68 f8 41 83 ed 00 41 83
0x00000159299450d8:   fd 02 0f 8c 12 01 00 00 4c 8b 6b 08 45 0f b7 6d
0x00000159299450e8:   2e 4c 2b 28 41 83 ed 01 4e 8b 6c ec 08 4d 85 ed
0x00000159299450f8:   75 0e f6 40 08 01 75 58 f0 48 83 48 08 01 eb 50
0x0000015929945108:   45 8b 6d 08 49 ba 00 00 00 37 59 01 00 00 4d 03
0x0000015929945118:   ea 4d 8b d5 4c 33 68 08 49 f7 c5 fc ff ff ff 74
0x0000015929945128:   2f 41 f6 c5 02 75 29 48 83 78 08 00 74 1e 48 83
0x0000015929945138:   78 08 01 74 17 4d 8b ea 4c 33 68 08 49 f7 c5 fc
0x0000015929945148:   ff ff ff 74 0b 48 83 48 08 02 eb 04 4c 89 68 08
0x0000015929945158:   48 83 c0 10 4c 8b 68 e8 41 83 ed 02 41 83 fd 02
0x0000015929945168:   0f 8c 84 00 00 00 4c 8b 6b 08 45 0f b7 6d 2e 4c
0x0000015929945178:   2b 28 41 83 ed 01 4e 8b 6c ec 08 4d 85 ed 75 0e
0x0000015929945188:   f6 40 08 01 75 58 f0 48 83 48 08 01 eb 50 45 8b
0x0000015929945198:   6d 08 49 ba 00 00 00 37 59 01 00 00 4d 03 ea 4d
0x00000159299451a8:   8b d5 4c 33 68 08 49 f7 c5 fc ff ff ff 74 2f 41
0x00000159299451b8:   f6 c5 02 75 29 48 83 78 08 00 74 1e 48 83 78 08
0x00000159299451c8:   01 74 17 4d 8b ea 4c 33 68 08 49 f7 c5 fc ff ff
0x00000159299451d8:   ff 74 0b 48 83 48 08 02 eb 04 4c 89 68 08 48 83
0x00000159299451e8:   c0 10 4c 8b 68 d8 41 83 ed 04 41 c1 e5 03 49 03
0x00000159299451f8:   c5 48 89 45 d8 4c 8d 6c 24 08 49 8b cd 48 2b cd 


Stack slot to memory mapping:

stack at sp + 0 slots: 0x0000015929929054 is at code_begin+3476 in an Interpreter codelet
return entry points  [0x00000159299282c0, 0x000001592992a4c0]  8704 bytes
stack at sp + 1 slots: 0x000000008528c998 is an oop: com.cg.restwebservices.restful_webservice.user.Post 
{0x000000008528c998} - klass: 'com/cg/restwebservices/restful_webservice/user/Post'
 - ---- fields (total size 3 words):
 - private 'Id' 'Ljava/lang/Integer;' @12  null (0x00000000)
 - private 'description' 'Ljava/lang/String;' @16  null (0x00000000)
 - private 'user' 'Lcom/cg/restwebservices/restful_webservice/user/User;' @20  null (0x00000000)
stack at sp + 2 slots: 0xfffffffffffffff7 is an unknown value
stack at sp + 3 slots: 0x00000159377f12f7 is pointing into metadata
stack at sp + 4 slots: 0x0000000000000004 is an unknown value
stack at sp + 5 slots: 0x00000159371e1370 is pointing into metadata
stack at sp + 6 slots: 0x0000015978994908 is pointing into metadata
stack at sp + 7 slots: 0x00000000821d6f10 is an oop: java.lang.Class 
{0x00000000821d6f10} - klass: 'java/lang/Class'
 - ---- fields (total size 14 words):
 - private volatile transient 'classRedefinedCount' 'I' @12  0 (0x00000000)
 - injected 'klass' 'J' @16  1482688434536 (0x00000159371e1168)
 - injected 'array_klass' 'J' @24  0 (0x0000000000000000)
 - injected 'oop_size' 'I' @32  14 (0x0000000e)
 - injected 'static_oop_field_count' 'I' @36  0 (0x00000000)
 - private volatile transient 'cachedConstructor' 'Ljava/lang/reflect/Constructor;' @40  null (0x00000000)
 - private transient 'name' 'Ljava/lang/String;' @44  null (0x00000000)
 - private transient 'module' 'Ljava/lang/Module;' @48  a 'java/lang/Module'{0x0000000082214ac0} (0x82214ac0)
 - private final 'classLoader' 'Ljava/lang/ClassLoader;' @52  null (0x00000000)
 - private transient 'classData' 'Ljava/lang/Object;' @56  null (0x00000000)
 - private transient 'packageName' 'Ljava/lang/String;' @60  null (0x00000000)
 - private final 'componentType' 'Ljava/lang/Class;' @64  null (0x00000000)
 - private volatile transient 'reflectionData' 'Ljava/lang/ref/SoftReference;' @68  null (0x00000000)
 - private volatile transient 'genericInfo' 'Lsun/reflect/generics/repository/ClassRepository;' @72  null (0x00000000)
 - private volatile transient 'enumConstants' '[Ljava/lang/Object;' @76  null (0x00000000)
 - private volatile transient 'enumConstantDirectory' 'Ljava/util/Map;' @80  null (0x00000000)
 - private volatile transient 'annotationData' 'Ljava/lang/Class$AnnotationData;' @84  null (0x00000000)
 - private volatile transient 'annotationType' 'Lsun/reflect/annotation/AnnotationType;' @88  null (0x00000000)
 - transient 'classValueMap' 'Ljava/lang/ClassValue$ClassValueMap;' @92  null (0x00000000)
 - injected 'protection_domain' 'Ljava/lang/Object;' @96  null (0x00000000)
 - injected 'signers_name' 'Ljava/lang/Object;' @100  null (0x00000000)
 - injected 'source_file' 'Ljava/lang/Object;' @104  null (0x00000000)
 - signature: Ljava/lang/invoke/DirectMethodHandle$Holder;
 - ---- static fields (0):

Lock stack of current Java thread (top to bottom):

invokestatic  184 invokestatic  [0x0000015929944e80, 0x0000015929945220]  928 bytes
[MachCode]
  0x0000015929944e80: 4883 ec08 | c5fa 1104 | 24eb 1f48 | 83ec 10c5 | fb11 0424 | eb14 4883 | ec10 4889 | 0424 48c7 
  0x0000015929944ea0: 4424 0800 | 0000 00eb | 0150 488b | 4dd0 410f | b755 0148 | 8b49 306b | d218 488d | 4c11 080f 
  0x0000015929944ec0: b659 1681 | fbb8 0000 | 000f 8474 | 0100 00bb | b800 0000 | e805 0000 | 00e9 5001 | 0000 488b 
  0x0000015929944ee0: d348 8d44 | 2408 4c89 | 6dc0 498b | cfc5 f877 | 4989 afb0 | 0300 0049 | 8987 a003 | 0000 4883 
  0x0000015929944f00: ec20 40f6 | c40f 0f84 | 1900 0000 | 4883 ec08 | 48b8 30b8 | 8fad fe7f | 0000 ffd0 | 4883 c408 
  0x0000015929944f20: e90c 0000 | 0048 b830 | b88f adfe | 7f00 00ff | d048 83c4 | 2049 c787 | a003 0000 | 0000 0000 
  0x0000015929944f40: 49c7 87b0 | 0300 0000 | 0000 0049 | c787 a803 | 0000 0000 | 0000 c5f8 | 7741 8b8f | 2c05 0000 
  0x0000015929944f60: f6c1 010f | 8442 0000 | 00f6 c102 | 0f85 3900 | 0000 4883 | ec20 40f6 | c40f 0f84 | 1900 0000 
  0x0000015929944f80: 4883 ec08 | 48b8 b062 | 8fad fe7f | 0000 ffd0 | 4883 c408 | e90c 0000 | 0048 b8b0 | 628f adfe 
  0x0000015929944fa0: 7f00 00ff | d048 83c4 | 20ff e049 | 8b8f d805 | 0000 4885 | c90f 8455 | 0000 008b | 899c 0000 
  0x0000015929944fc0: 0083 f901 | 0f85 4600 | 0000 498b | 8fd8 0500 | 008b 89a0 | 0000 0048 | 83ec 2040 | f6c4 0f0f 
  0x0000015929944fe0: 8419 0000 | 0048 83ec | 0848 b8a0 | 628f adfe | 7f00 00ff | d048 83c4 | 08e9 0c00 | 0000 48b8 
  0x0000015929945000: a062 8fad | fe7f 0000 | ffd0 4883 | c420 ffe0 | 4983 7f08 | 000f 8405 | 0000 00e9 | a0be fdff 
  0x0000015929945020: 4c8b 6dc0 | 4c8b 75c8 | 4e8d 74f5 | 00c3 488b | 4dd0 410f | b755 0148 | 8b49 306b | d218 488d 
  0x0000015929945040: 4c11 0848 | 8b19 488b | 5b08 488b | 5b08 488b | 5b18 80bb | 3101 0000 | 040f 840d | 0000 004c 
  0x0000015929945060: 3bbb 3801 | 0000 0f85 | 63fe ffff | 0fb6 5115 | 488b 194c | 896d c044 | 8bea 0fb6 | 5114 49ba 
  0x0000015929945080: e0ba 21ae | fe7f 0000 | 498b 14d2 | 5241 8bd5 | 4c8b 6dc0 | 488b 45d8 | 4885 c00f | 8412 0000 
  0x00000159299450a0: 0048 8340 | 0801 4883 | 5808 0048 | 83c0 1048 | 8945 d848 | 8b45 d848 | 85c0 0f84 | 3d01 0000 
  0x00000159299450c0: 8078 f00a | 0f85 3301 | 0000 4883 | c008 4c8b | 68f8 4183 | ed00 4183 | fd02 0f8c | 1201 0000 
  0x00000159299450e0: 4c8b 6b08 | 450f b76d | 2e4c 2b28 | 4183 ed01 | 4e8b 6cec | 084d 85ed | 750e f640 | 0801 7558 
  0x0000015929945100: f048 8348 | 0801 eb50 | 458b 6d08 | 49ba 0000 | 0037 5901 | 0000 4d03 | ea4d 8bd5 | 4c33 6808 
  0x0000015929945120: 49f7 c5fc | ffff ff74 | 2f41 f6c5 | 0275 2948 | 8378 0800 | 741e 4883 | 7808 0174 | 174d 8bea 
  0x0000015929945140: 4c33 6808 | 49f7 c5fc | ffff ff74 | 0b48 8348 | 0802 eb04 | 4c89 6808 | 4883 c010 | 4c8b 68e8 
  0x0000015929945160: 4183 ed02 | 4183 fd02 | 0f8c 8400 | 0000 4c8b | 6b08 450f | b76d 2e4c | 2b28 4183 | ed01 4e8b 
  0x0000015929945180: 6cec 084d | 85ed 750e | f640 0801 | 7558 f048 | 8348 0801 | eb50 458b | 6d08 49ba | 0000 0037 
  0x00000159299451a0: 5901 0000 | 4d03 ea4d | 8bd5 4c33 | 6808 49f7 | c5fc ffff | ff74 2f41 | f6c5 0275 | 2948 8378 
  0x00000159299451c0: 0800 741e | 4883 7808 | 0174 174d | 8bea 4c33 | 6808 49f7 | c5fc ffff | ff74 0b48 | 8348 0802 
  0x00000159299451e0: eb04 4c89 | 6808 4883 | c010 4c8b | 68d8 4183 | ed04 41c1 | e503 4903 | c548 8945 | d84c 8d6c 
  0x0000015929945200: 2408 498b | cd48 2bcd | 48c1 f903 | 4889 4df0 | 4180 bfe0 | 0500 0000 | 7403 ff63 | 38ff 6350 
[/MachCode]

---------------  P R O C E S S  ---------------

Threads class SMR info:
_java_thread_list=0x0000015904109f80, length=23, elements={
0x0000015936a103b0, 0x0000015936a126c0, 0x0000015936a13e10, 0x0000015936a16880,
0x0000015936a19a90, 0x0000015936a1cca0, 0x0000015936a201e0, 0x0000015936a30810,
0x0000015936b33670, 0x0000015936c5f000, 0x0000015936d272a0, 0x0000015936d29e60,
0x000001597c70a370, 0x000001597ebb7c00, 0x0000015905804330, 0x000001597cea34a0,
0x000001597cea1a60, 0x000001597cea5570, 0x000001597cea0020, 0x000001597cea06b0,
0x000001597ebb40f0, 0x000001597ebb54a0, 0x000001597ebb5b30
}

Java Threads: ( => current thread )
  0x0000015936a103b0 JavaThread "Reference Handler"          daemon [_thread_blocked, id=3704, stack(0x000000036ed00000,0x000000036ee00000) (1024K)]
  0x0000015936a126c0 JavaThread "Finalizer"                  daemon [_thread_blocked, id=23516, stack(0x000000036ee00000,0x000000036ef00000) (1024K)]
  0x0000015936a13e10 JavaThread "Signal Dispatcher"          daemon [_thread_blocked, id=37732, stack(0x000000036ef00000,0x000000036f000000) (1024K)]
  0x0000015936a16880 JavaThread "Attach Listener"            daemon [_thread_blocked, id=11964, stack(0x000000036f000000,0x000000036f100000) (1024K)]
  0x0000015936a19a90 JavaThread "Service Thread"             daemon [_thread_blocked, id=8904, stack(0x000000036f100000,0x000000036f200000) (1024K)]
  0x0000015936a1cca0 JavaThread "Monitor Deflation Thread"   daemon [_thread_blocked, id=10088, stack(0x000000036f200000,0x000000036f300000) (1024K)]
  0x0000015936a201e0 JavaThread "C2 CompilerThread0"         daemon [_thread_blocked, id=20564, stack(0x000000036f300000,0x000000036f400000) (1024K)]
  0x0000015936a30810 JavaThread "C1 CompilerThread0"         daemon [_thread_blocked, id=31940, stack(0x000000036f400000,0x000000036f500000) (1024K)]
  0x0000015936b33670 JavaThread "Common-Cleaner"             daemon [_thread_blocked, id=18316, stack(0x000000036f500000,0x000000036f600000) (1024K)]
  0x0000015936c5f000 JavaThread "JDWP Transport Listener: dt_socket" daemon [_thread_blocked, id=36952, stack(0x000000036f700000,0x000000036f800000) (1024K)]
  0x0000015936d272a0 JavaThread "JDWP Event Helper Thread"   daemon [_thread_blocked, id=7392, stack(0x000000036f800000,0x000000036f900000) (1024K)]
  0x0000015936d29e60 JavaThread "JDWP Command Reader"        daemon [_thread_blocked, id=18028, stack(0x000000036f900000,0x000000036fa00000) (1024K)]
  0x000001597c70a370 JavaThread "Notification Thread"        daemon [_thread_blocked, id=29964, stack(0x000000036fa00000,0x000000036fb00000) (1024K)]
  0x000001597ebb7c00 JavaThread "Live Reload Server"         daemon [_thread_in_native, id=20916, stack(0x0000000370f00000,0x0000000371000000) (1024K)]
  0x0000015905804330 JavaThread "http-nio-8080-exec-9"       daemon [_thread_blocked, id=31492, stack(0x0000000371700000,0x0000000371800000) (1024K)]
  0x000001597cea34a0 JavaThread "DestroyJavaVM"                     [_thread_blocked, id=37100, stack(0x000000036e500000,0x000000036e600000) (1024K)]
  0x000001597cea1a60 JavaThread "Thread-5"                          [_thread_blocked, id=32936, stack(0x000000036e200000,0x000000036e300000) (1024K)]
=>0x000001597cea5570 JavaThread "restartedMain"                     [_thread_in_Java, id=35600, stack(0x000000036f600000,0x000000036f700000) (1024K)]
  0x000001597cea0020 JavaThread "Catalina-utility-1"                [_thread_blocked, id=32188, stack(0x0000000370300000,0x0000000370400000) (1024K)]
  0x000001597cea06b0 JavaThread "Catalina-utility-2"                [_thread_blocked, id=1096, stack(0x0000000370400000,0x0000000370500000) (1024K)]
  0x000001597ebb40f0 JavaThread "container-0"                       [_thread_blocked, id=18236, stack(0x0000000370500000,0x0000000370600000) (1024K)]
  0x000001597ebb54a0 JavaThread "mssql-jdbc-shared-timer-core-2" daemon [_thread_blocked, id=16104, stack(0x0000000370600000,0x0000000370700000) (1024K)]
  0x000001597ebb5b30 JavaThread "HikariPool-2 housekeeper"   daemon [_thread_blocked, id=35676, stack(0x0000000370800000,0x0000000370900000) (1024K)]
Total: 23

Other Threads:
  0x00000159369f6440 VMThread "VM Thread"                           [id=17456, stack(0x000000036ec00000,0x000000036ed00000) (1024K)] _threads_hazard_ptr=0x0000015904109f80
  0x00000159369e2220 WatcherThread "VM Periodic Task Thread"        [id=3036, stack(0x000000036eb00000,0x000000036ec00000) (1024K)]
  0x000001591e5af310 WorkerThread "GC Thread#0"                     [id=25452, stack(0x000000036e600000,0x000000036e700000) (1024K)]
  0x000001597ca7c200 WorkerThread "GC Thread#1"                     [id=32588, stack(0x000000036fb00000,0x000000036fc00000) (1024K)]
  0x000001597ca7c5b0 WorkerThread "GC Thread#2"                     [id=9932, stack(0x000000036fc00000,0x000000036fd00000) (1024K)]
  0x000001597cbb3070 WorkerThread "GC Thread#3"                     [id=19172, stack(0x000000036fd00000,0x000000036fe00000) (1024K)]
  0x000001597cc92a50 WorkerThread "GC Thread#4"                     [id=15760, stack(0x000000036fe00000,0x000000036ff00000) (1024K)]
  0x000001597d030030 WorkerThread "GC Thread#5"                     [id=27104, stack(0x000000036ff00000,0x0000000370000000) (1024K)]
  0x000001597cf5d190 WorkerThread "GC Thread#6"                     [id=14920, stack(0x0000000370000000,0x0000000370100000) (1024K)]
  0x000001597d0307f0 WorkerThread "GC Thread#7"                     [id=22600, stack(0x0000000370100000,0x0000000370200000) (1024K)]
  0x000001591e5c4800 ConcurrentGCThread "G1 Main Marker"            [id=30600, stack(0x000000036e700000,0x000000036e800000) (1024K)]
  0x000001591e5c5320 WorkerThread "G1 Conc#0"                       [id=6544, stack(0x000000036e800000,0x000000036e900000) (1024K)]
  0x0000015900d76560 WorkerThread "G1 Conc#1"                       [id=23924, stack(0x0000000370700000,0x0000000370800000) (1024K)]
  0x00000159368a3da0 ConcurrentGCThread "G1 Refine#0"               [id=1504, stack(0x000000036e900000,0x000000036ea00000) (1024K)]
  0x00000159368a4b30 ConcurrentGCThread "G1 Service"                [id=10992, stack(0x000000036ea00000,0x000000036eb00000) (1024K)]
Total: 15

Threads with active compile tasks:
Total: 0

VM state: synchronizing (normal execution)

VM Mutex/Monitor currently owned by a thread:  ([mutex/lock_event])
[0x00007ffeae20bd70] Threads_lock - owner thread: 0x00000159369f6440

Heap address: 0x0000000081e00000, size: 2018 MB, Compressed Oops mode: 32-bit

CDS archive(s) mapped at: [0x0000015937000000-0x0000015937d70000-0x0000015937d70000), size 14090240, SharedBaseAddress: 0x0000015937000000, ArchiveRelocationMode: 1.
Compressed class space mapped at: 0x0000015938000000-0x0000015978000000, reserved size: 1073741824
Narrow klass base: 0x0000015937000000, Narrow klass shift: 0, Narrow klass range: 0x41000000

GC Precious Log:
 CardTable entry size: 512
 Card Set container configuration: InlinePtr #cards 5 size 8 Array Of Cards #cards 10 size 36 Howl #buckets 4 coarsen threshold 1843 Howl Bitmap #cards 512 size 80 coarsen threshold 460 Card regions per heap region 1 cards per card region 2048
 CPUs: 8 total, 8 available
 Memory: 8066M
 Large Page Support: Disabled
 NUMA Support: Disabled
 Compressed Oops: Enabled (32-bit)
 Heap Region Size: 1M
 Heap Min Capacity: 8M
 Heap Initial Capacity: 128M
 Heap Max Capacity: 2018M
 Pre-touch: Disabled
 Parallel Workers: 8
 Concurrent Workers: 2
 Concurrent Refinement Workers: 8
 Periodic GC: Disabled

Heap:
 garbage-first heap   total reserved 2066432K, committed 90112K, used 73810K [0x0000000081e00000, 0x0000000100000000)
  region size 1024K, 43 young (44032K), 6 survivors (6144K)
 Metaspace       used 84261K, committed 85248K, reserved 1179648K
  class space    used 11393K, committed 11904K, reserved 1048576K

Heap Regions: E=young(eden), S=young(survivor), O=old, HS=humongous(starts), HC=humongous(continues), CS=collection set, F=free, TAMS=top-at-mark-start, PB=parsable bottom
|   0|0x0000000081e00000, 0x0000000081f00000, 0x0000000081f00000|100%|HS|  |TAMS 0x0000000081e00000| PB 0x0000000081e00000| Untracked |  0
|   1|0x0000000081f00000, 0x0000000082000000, 0x0000000082000000|100%| O|  |TAMS 0x0000000081f00000| PB 0x0000000081f00000| Untracked |  0
|   2|0x0000000082000000, 0x00000000820fffc8, 0x0000000082100000| 99%| O|  |TAMS 0x0000000082000000| PB 0x0000000082000000| Untracked |  0
|   3|0x0000000082100000, 0x00000000821ffff8, 0x0000000082200000| 99%| O|  |TAMS 0x0000000082100000| PB 0x0000000082100000| Untracked |  0
|   4|0x0000000082200000, 0x00000000822ffff8, 0x0000000082300000| 99%| O|  |TAMS 0x0000000082200000| PB 0x0000000082200000| Untracked |  0
|   5|0x0000000082300000, 0x0000000082400000, 0x0000000082400000|100%| O|  |TAMS 0x0000000082300000| PB 0x0000000082300000| Untracked |  0
|   6|0x0000000082400000, 0x00000000824ffea0, 0x0000000082500000| 99%| O|  |TAMS 0x0000000082400000| PB 0x0000000082400000| Untracked |  0
|   7|0x0000000082500000, 0x00000000825fffb8, 0x0000000082600000| 99%| O|  |TAMS 0x0000000082500000| PB 0x0000000082500000| Untracked |  0
|   8|0x0000000082600000, 0x0000000082700000, 0x0000000082700000|100%| O|  |TAMS 0x0000000082600000| PB 0x0000000082600000| Untracked |  0
|   9|0x0000000082700000, 0x00000000827ffff8, 0x0000000082800000| 99%| O|  |TAMS 0x0000000082700000| PB 0x0000000082700000| Untracked |  0
|  10|0x0000000082800000, 0x0000000082900000, 0x0000000082900000|100%| O|  |TAMS 0x0000000082800000| PB 0x0000000082800000| Untracked |  0
|  11|0x0000000082900000, 0x00000000829fffb0, 0x0000000082a00000| 99%| O|  |TAMS 0x0000000082900000| PB 0x0000000082900000| Untracked |  0
|  12|0x0000000082a00000, 0x0000000082afff98, 0x0000000082b00000| 99%| O|  |TAMS 0x0000000082a00000| PB 0x0000000082a00000| Untracked |  0
|  13|0x0000000082b00000, 0x0000000082bffff0, 0x0000000082c00000| 99%| O|  |TAMS 0x0000000082b00000| PB 0x0000000082b00000| Untracked |  0
|  14|0x0000000082c00000, 0x0000000082cffff0, 0x0000000082d00000| 99%| O|  |TAMS 0x0000000082c00000| PB 0x0000000082c00000| Untracked |  0
|  15|0x0000000082d00000, 0x0000000082dfffc8, 0x0000000082e00000| 99%| O|  |TAMS 0x0000000082d00000| PB 0x0000000082d00000| Untracked |  0
|  16|0x0000000082e00000, 0x0000000082f00000, 0x0000000082f00000|100%| O|  |TAMS 0x0000000082e00000| PB 0x0000000082e00000| Untracked |  0
|  17|0x0000000082f00000, 0x0000000082ffffc8, 0x0000000083000000| 99%| O|  |TAMS 0x0000000082f00000| PB 0x0000000082f00000| Untracked |  0
|  18|0x0000000083000000, 0x00000000830fff88, 0x0000000083100000| 99%| O|  |TAMS 0x0000000083000000| PB 0x0000000083000000| Untracked |  0
|  19|0x0000000083100000, 0x00000000831ffff0, 0x0000000083200000| 99%| O|  |TAMS 0x0000000083100000| PB 0x0000000083100000| Untracked |  0
|  20|0x0000000083200000, 0x00000000832ffff0, 0x0000000083300000| 99%| O|  |TAMS 0x0000000083200000| PB 0x0000000083200000| Untracked |  0
|  21|0x0000000083300000, 0x0000000083400000, 0x0000000083400000|100%| O|  |TAMS 0x0000000083300000| PB 0x0000000083300000| Untracked |  0
|  22|0x0000000083400000, 0x00000000834ffff8, 0x0000000083500000| 99%| O|  |TAMS 0x0000000083400000| PB 0x0000000083400000| Untracked |  0
|  23|0x0000000083500000, 0x00000000835fffe0, 0x0000000083600000| 99%| O|  |TAMS 0x0000000083500000| PB 0x0000000083500000| Untracked |  0
|  24|0x0000000083600000, 0x0000000083700000, 0x0000000083700000|100%| O|  |TAMS 0x0000000083600000| PB 0x0000000083600000| Untracked |  0
|  25|0x0000000083700000, 0x0000000083800000, 0x0000000083800000|100%| O|  |TAMS 0x0000000083700000| PB 0x0000000083700000| Untracked |  0
|  26|0x0000000083800000, 0x00000000838d8180, 0x0000000083900000| 84%| O|  |TAMS 0x0000000083800000| PB 0x0000000083800000| Untracked |  0
|  27|0x0000000083900000, 0x00000000839e2820, 0x0000000083a00000| 88%| O|  |TAMS 0x0000000083900000| PB 0x0000000083900000| Untracked |  0
|  28|0x0000000083a00000, 0x0000000083affff0, 0x0000000083b00000| 99%| O|  |TAMS 0x0000000083a00000| PB 0x0000000083a00000| Untracked |  0
|  29|0x0000000083b00000, 0x0000000083c00000, 0x0000000083c00000|100%| O|  |TAMS 0x0000000083b00000| PB 0x0000000083b00000| Untracked |  0
|  30|0x0000000083c00000, 0x0000000083c18ba8, 0x0000000083d00000|  9%| O|  |TAMS 0x0000000083c00000| PB 0x0000000083c00000| Untracked |  0
|  31|0x0000000083d00000, 0x0000000083e00000, 0x0000000083e00000|100%| S|CS|TAMS 0x0000000083d00000| PB 0x0000000083d00000| Complete |  0
|  32|0x0000000083e00000, 0x0000000083f00000, 0x0000000083f00000|100%| S|CS|TAMS 0x0000000083e00000| PB 0x0000000083e00000| Complete |  0
|  33|0x0000000083f00000, 0x0000000083f66c30, 0x0000000084000000| 40%| O|  |TAMS 0x0000000083f00000| PB 0x0000000083f00000| Untracked |  0
|  34|0x0000000084000000, 0x0000000084059598, 0x0000000084100000| 34%| O|  |TAMS 0x0000000084000000| PB 0x0000000084000000| Untracked |  0
|  35|0x0000000084100000, 0x0000000084200000, 0x0000000084200000|100%| S|CS|TAMS 0x0000000084100000| PB 0x0000000084100000| Complete |  0
|  36|0x0000000084200000, 0x0000000084300000, 0x0000000084300000|100%| S|CS|TAMS 0x0000000084200000| PB 0x0000000084200000| Complete |  0
|  37|0x0000000084300000, 0x0000000084400000, 0x0000000084400000|100%| S|CS|TAMS 0x0000000084300000| PB 0x0000000084300000| Complete |  0
|  38|0x0000000084400000, 0x0000000084400000, 0x0000000084500000|  0%| F|  |TAMS 0x0000000084400000| PB 0x0000000084400000| Untracked |  0
|  39|0x0000000084500000, 0x0000000084500000, 0x0000000084600000|  0%| F|  |TAMS 0x0000000084500000| PB 0x0000000084500000| Untracked |  0
|  40|0x0000000084600000, 0x0000000084600000, 0x0000000084700000|  0%| F|  |TAMS 0x0000000084600000| PB 0x0000000084600000| Untracked |  0
|  41|0x0000000084700000, 0x0000000084700000, 0x0000000084800000|  0%| F|  |TAMS 0x0000000084700000| PB 0x0000000084700000| Untracked |  0
|  42|0x0000000084800000, 0x0000000084800000, 0x0000000084900000|  0%| F|  |TAMS 0x0000000084800000| PB 0x0000000084800000| Untracked |  0
|  43|0x0000000084900000, 0x0000000084900000, 0x0000000084a00000|  0%| F|  |TAMS 0x0000000084900000| PB 0x0000000084900000| Untracked |  0
|  44|0x0000000084a00000, 0x0000000084a00000, 0x0000000084b00000|  0%| F|  |TAMS 0x0000000084a00000| PB 0x0000000084a00000| Untracked |  0
|  45|0x0000000084b00000, 0x0000000084b00000, 0x0000000084c00000|  0%| F|  |TAMS 0x0000000084b00000| PB 0x0000000084b00000| Untracked |  0
|  46|0x0000000084c00000, 0x0000000084c00000, 0x0000000084d00000|  0%| F|  |TAMS 0x0000000084c00000| PB 0x0000000084c00000| Untracked |  0
|  47|0x0000000084d00000, 0x0000000084d00000, 0x0000000084e00000|  0%| F|  |TAMS 0x0000000084d00000| PB 0x0000000084d00000| Untracked |  0
|  48|0x0000000084e00000, 0x0000000084e00000, 0x0000000084f00000|  0%| F|  |TAMS 0x0000000084e00000| PB 0x0000000084e00000| Untracked |  0
|  49|0x0000000084f00000, 0x0000000084f00000, 0x0000000085000000|  0%| F|  |TAMS 0x0000000084f00000| PB 0x0000000084f00000| Untracked |  0
|  50|0x0000000085000000, 0x0000000085100000, 0x0000000085100000|100%| E|  |TAMS 0x0000000085000000| PB 0x0000000085000000| Complete |  0
|  51|0x0000000085100000, 0x0000000085200000, 0x0000000085200000|100%| E|CS|TAMS 0x0000000085100000| PB 0x0000000085100000| Complete |  0
|  52|0x0000000085200000, 0x0000000085300000, 0x0000000085300000|100%| E|CS|TAMS 0x0000000085200000| PB 0x0000000085200000| Complete |  0
|  53|0x0000000085300000, 0x0000000085400000, 0x0000000085400000|100%| E|CS|TAMS 0x0000000085300000| PB 0x0000000085300000| Complete |  0
|  54|0x0000000085400000, 0x0000000085500000, 0x0000000085500000|100%| E|CS|TAMS 0x0000000085400000| PB 0x0000000085400000| Complete |  0
|  55|0x0000000085500000, 0x0000000085600000, 0x0000000085600000|100%| E|CS|TAMS 0x0000000085500000| PB 0x0000000085500000| Complete |  0
|  56|0x0000000085600000, 0x0000000085700000, 0x0000000085700000|100%| E|CS|TAMS 0x0000000085600000| PB 0x0000000085600000| Complete |  0
|  57|0x0000000085700000, 0x0000000085800000, 0x0000000085800000|100%| E|CS|TAMS 0x0000000085700000| PB 0x0000000085700000| Complete |  0
|  58|0x0000000085800000, 0x0000000085900000, 0x0000000085900000|100%| E|CS|TAMS 0x0000000085800000| PB 0x0000000085800000| Complete |  0
|  59|0x0000000085900000, 0x0000000085a00000, 0x0000000085a00000|100%| E|CS|TAMS 0x0000000085900000| PB 0x0000000085900000| Complete |  0
|  60|0x0000000085a00000, 0x0000000085b00000, 0x0000000085b00000|100%| E|CS|TAMS 0x0000000085a00000| PB 0x0000000085a00000| Complete |  0
|  61|0x0000000085b00000, 0x0000000085c00000, 0x0000000085c00000|100%| E|CS|TAMS 0x0000000085b00000| PB 0x0000000085b00000| Complete |  0
|  62|0x0000000085c00000, 0x0000000085d00000, 0x0000000085d00000|100%| E|CS|TAMS 0x0000000085c00000| PB 0x0000000085c00000| Complete |  0
|  63|0x0000000085d00000, 0x0000000085e00000, 0x0000000085e00000|100%| E|CS|TAMS 0x0000000085d00000| PB 0x0000000085d00000| Complete |  0
|  64|0x0000000085e00000, 0x0000000085f00000, 0x0000000085f00000|100%| E|CS|TAMS 0x0000000085e00000| PB 0x0000000085e00000| Complete |  0
|  65|0x0000000085f00000, 0x0000000086000000, 0x0000000086000000|100%| E|CS|TAMS 0x0000000085f00000| PB 0x0000000085f00000| Complete |  0
|  66|0x0000000086000000, 0x0000000086100000, 0x0000000086100000|100%| E|CS|TAMS 0x0000000086000000| PB 0x0000000086000000| Complete |  0
|  67|0x0000000086100000, 0x0000000086200000, 0x0000000086200000|100%| E|CS|TAMS 0x0000000086100000| PB 0x0000000086100000| Complete |  0
|  68|0x0000000086200000, 0x0000000086300000, 0x0000000086300000|100%| E|CS|TAMS 0x0000000086200000| PB 0x0000000086200000| Complete |  0
|  69|0x0000000086300000, 0x0000000086400000, 0x0000000086400000|100%| E|CS|TAMS 0x0000000086300000| PB 0x0000000086300000| Complete |  0
|  70|0x0000000086400000, 0x0000000086500000, 0x0000000086500000|100%| E|CS|TAMS 0x0000000086400000| PB 0x0000000086400000| Complete |  0
|  71|0x0000000086500000, 0x0000000086600000, 0x0000000086600000|100%| E|CS|TAMS 0x0000000086500000| PB 0x0000000086500000| Complete |  0
|  72|0x0000000086600000, 0x0000000086700000, 0x0000000086700000|100%| E|CS|TAMS 0x0000000086600000| PB 0x0000000086600000| Complete |  0
|  73|0x0000000086700000, 0x0000000086800000, 0x0000000086800000|100%| E|CS|TAMS 0x0000000086700000| PB 0x0000000086700000| Complete |  0
|  74|0x0000000086800000, 0x0000000086900000, 0x0000000086900000|100%| E|CS|TAMS 0x0000000086800000| PB 0x0000000086800000| Complete |  0
|  75|0x0000000086900000, 0x0000000086a00000, 0x0000000086a00000|100%| E|CS|TAMS 0x0000000086900000| PB 0x0000000086900000| Complete |  0
|  76|0x0000000086a00000, 0x0000000086b00000, 0x0000000086b00000|100%| E|CS|TAMS 0x0000000086a00000| PB 0x0000000086a00000| Complete |  0
|  77|0x0000000086b00000, 0x0000000086c00000, 0x0000000086c00000|100%| E|CS|TAMS 0x0000000086b00000| PB 0x0000000086b00000| Complete |  0
|  78|0x0000000086c00000, 0x0000000086d00000, 0x0000000086d00000|100%| E|CS|TAMS 0x0000000086c00000| PB 0x0000000086c00000| Complete |  0
|  79|0x0000000086d00000, 0x0000000086e00000, 0x0000000086e00000|100%| E|CS|TAMS 0x0000000086d00000| PB 0x0000000086d00000| Complete |  0
|  80|0x0000000086e00000, 0x0000000086e81840, 0x0000000086f00000| 50%| S|CS|TAMS 0x0000000086e00000| PB 0x0000000086e00000| Complete |  0
| 117|0x0000000089300000, 0x0000000089400000, 0x0000000089400000|100%| E|CS|TAMS 0x0000000089300000| PB 0x0000000089300000| Complete |  0
| 118|0x0000000089400000, 0x0000000089500000, 0x0000000089500000|100%| E|CS|TAMS 0x0000000089400000| PB 0x0000000089400000| Complete |  0
| 119|0x0000000089500000, 0x0000000089600000, 0x0000000089600000|100%| E|CS|TAMS 0x0000000089500000| PB 0x0000000089500000| Complete |  0
| 120|0x0000000089600000, 0x0000000089700000, 0x0000000089700000|100%| E|CS|TAMS 0x0000000089600000| PB 0x0000000089600000| Complete |  0
| 121|0x0000000089700000, 0x0000000089800000, 0x0000000089800000|100%| E|CS|TAMS 0x0000000089700000| PB 0x0000000089700000| Complete |  0
| 126|0x0000000089c00000, 0x0000000089d00000, 0x0000000089d00000|100%| E|CS|TAMS 0x0000000089c00000| PB 0x0000000089c00000| Complete |  0
| 127|0x0000000089d00000, 0x0000000089e00000, 0x0000000089e00000|100%| E|CS|TAMS 0x0000000089d00000| PB 0x0000000089d00000| Complete |  0

Card table byte_map: [0x0000015931c40000,0x0000015932040000] _byte_map_base: 0x0000015931831000

Marking Bits: (CMBitMap*) 0x000001591e5afa20
 Bits: [0x0000015932040000, 0x0000015933fc8000)

Polling page: 0x000001591c380000

Metaspace:

Usage:
  Non-class:     71.16 MB used.
      Class:     11.13 MB used.
       Both:     82.29 MB used.

Virtual space:
  Non-class space:      128.00 MB reserved,      71.62 MB ( 56%) committed,  2 nodes.
      Class space:        1.00 GB reserved,      11.62 MB (  1%) committed,  1 nodes.
             Both:        1.12 GB reserved,      83.25 MB (  7%) committed. 

Chunk freelists:
   Non-Class:  7.76 MB
       Class:  4.50 MB
        Both:  12.25 MB

MaxMetaspaceSize: unlimited
CompressedClassSpaceSize: 1.00 GB
Initial GC threshold: 21.00 MB
Current GC threshold: 138.44 MB
CDS: on
 - commit_granule_bytes: 65536.
 - commit_granule_words: 8192.
 - virtual_space_node_default_size: 8388608.
 - enlarge_chunks_in_place: 1.
 - use_allocation_guard: 0.


Internal statistics:

num_allocs_failed_limit: 11.
num_arena_births: 1564.
num_arena_deaths: 506.
num_vsnodes_births: 3.
num_vsnodes_deaths: 0.
num_space_committed: 1332.
num_space_uncommitted: 0.
num_chunks_returned_to_freelist: 590.
num_chunks_taken_from_freelist: 4705.
num_chunk_merges: 161.
num_chunk_splits: 3105.
num_chunks_enlarged: 2315.
num_inconsistent_stats: 0.

CodeHeap 'non-profiled nmethods': size=120064Kb used=4532Kb max_used=4581Kb free=115531Kb
 bounds [0x0000015929eb0000, 0x000001592a330000, 0x00000159313f0000]
CodeHeap 'profiled nmethods': size=120000Kb used=11031Kb max_used=11291Kb free=108968Kb
 bounds [0x00000159223f0000, 0x0000015922f00000, 0x0000015929920000]
CodeHeap 'non-nmethods': size=5696Kb used=1861Kb max_used=2006Kb free=3834Kb
 bounds [0x0000015929920000, 0x0000015929b90000, 0x0000015929eb0000]
CodeCache: size=245760Kb, used=17424Kb, max_used=17878Kb, free=228333Kb
 total_blobs=8040, nmethods=7214, adapters=731, full_count=0
Compilation: enabled, stopped_count=0, restarted_count=0

Compilation events (20 events):
Event: 2174.438 Thread 0x0000015905969080 10459       4       java.math.BigInteger::<init> (38 bytes)
Event: 2174.440 Thread 0x0000015905969080 nmethod 10459 0x000001592a16eb88 code [0x000001592a16eca0, 0x000001592a16eea8]
Event: 2174.444 Thread 0x0000015936a30810 10460       3       sun.security.ssl.HandshakeHash::isHashable (26 bytes)
Event: 2174.444 Thread 0x0000015936a30810 nmethod 10460 0x0000015922a8ac88 code [0x0000015922a8ada0, 0x0000015922a8af40]
Event: 2174.444 Thread 0x0000015936a30810 10461       3       sun.security.ssl.SSLHandshake$HandshakeMessage::<init> (10 bytes)
Event: 2174.445 Thread 0x0000015936a30810 nmethod 10461 0x0000015922a9b488 code [0x0000015922a9b5a0, 0x0000015922a9b758]
Event: 2174.445 Thread 0x0000015905969080 10462       4       java.math.BigInteger::montReduce (99 bytes)
Event: 2174.446 Thread 0x0000015936a30810 10463       3       sun.security.ssl.Authenticator::sequenceNumber (10 bytes)
Event: 2174.447 Thread 0x0000015936a201e0 10465       4       java.lang.Byte::valueOf (14 bytes)
Event: 2174.447 Thread 0x0000015936a30810 nmethod 10463 0x0000015922aba508 code [0x0000015922aba620, 0x0000015922aba770]
Event: 2174.447 Thread 0x0000015936a30810 10464       3       javax.crypto.spec.SecretKeySpec::getEncoded (11 bytes)
Event: 2174.447 Thread 0x0000015936a30810 nmethod 10464 0x0000015922c0e688 code [0x0000015922c0e7a0, 0x0000015922c0e998]
Event: 2174.447 Thread 0x0000015936a201e0 nmethod 10465 0x000001592a16e888 code [0x000001592a16e980, 0x000001592a16ea28]
Event: 2174.453 Thread 0x0000015936a30810 10466       3       com.microsoft.sqlserver.jdbc.TDSReader::readUnsignedShort (53 bytes)
Event: 2174.453 Thread 0x0000015936a30810 nmethod 10466 0x0000015922c0e188 code [0x0000015922c0e2e0, 0x0000015922c0e610]
Event: 2174.453 Thread 0x0000015936a30810 10467       3       com.microsoft.sqlserver.jdbc.Util::readUnsignedShort (21 bytes)
Event: 2174.453 Thread 0x0000015936a30810 nmethod 10467 0x0000015922abb788 code [0x0000015922abb8a0, 0x0000015922abb9e8]
Event: 2174.453 Thread 0x0000015936a30810 10468       3       java.nio.charset.CharsetDecoder::<init> (10 bytes)
Event: 2174.453 Thread 0x0000015936a30810 nmethod 10468 0x0000015922ac3908 code [0x0000015922ac3a20, 0x0000015922ac3b98]
Event: 2174.469 Thread 0x0000015905969080 nmethod 10462 0x000001592a16d408 code [0x000001592a16d580, 0x000001592a16e838]

GC Heap History (20 events):
Event: 10.072 GC heap before
{Heap before GC invocations=31 (full 0):
 garbage-first heap   total reserved 2066432K, committed 73728K, used 62875K [0x0000000081e00000, 0x0000000100000000)
  region size 1024K, 32 young (32768K), 5 survivors (5120K)
 Metaspace       used 73170K, committed 73984K, reserved 1114112K
  class space    used 9958K, committed 10304K, reserved 1048576K
}
Event: 10.077 GC heap after
{Heap after GC invocations=32 (full 0):
 garbage-first heap   total reserved 2066432K, committed 73728K, used 36760K [0x0000000081e00000, 0x0000000100000000)
  region size 1024K, 2 young (2048K), 2 survivors (2048K)
 Metaspace       used 73170K, committed 73984K, reserved 1114112K
  class space    used 9958K, committed 10304K, reserved 1048576K
}
Event: 10.503 GC heap before
{Heap before GC invocations=32 (full 0):
 garbage-first heap   total reserved 2066432K, committed 73728K, used 66456K [0x0000000081e00000, 0x0000000100000000)
  region size 1024K, 31 young (31744K), 2 survivors (2048K)
 Metaspace       used 74680K, committed 75456K, reserved 1179648K
  class space    used 10163K, committed 10496K, reserved 1048576K
}
Event: 10.507 GC heap after
{Heap after GC invocations=33 (full 0):
 garbage-first heap   total reserved 2066432K, committed 73728K, used 37950K [0x0000000081e00000, 0x0000000100000000)
  region size 1024K, 4 young (4096K), 4 survivors (4096K)
 Metaspace       used 74680K, committed 75456K, reserved 1179648K
  class space    used 10163K, committed 10496K, reserved 1048576K
}
Event: 10.959 GC heap before
{Heap before GC invocations=34 (full 0):
 garbage-first heap   total reserved 2066432K, committed 73728K, used 63550K [0x0000000081e00000, 0x0000000100000000)
  region size 1024K, 29 young (29696K), 4 survivors (4096K)
 Metaspace       used 75551K, committed 76352K, reserved 1179648K
  class space    used 10326K, committed 10688K, reserved 1048576K
}
Event: 10.964 GC heap after
{Heap after GC invocations=35 (full 0):
 garbage-first heap   total reserved 2066432K, committed 73728K, used 39701K [0x0000000081e00000, 0x0000000100000000)
  region size 1024K, 4 young (4096K), 4 survivors (4096K)
 Metaspace       used 75551K, committed 76352K, reserved 1179648K
  class space    used 10326K, committed 10688K, reserved 1048576K
}
Event: 11.260 GC heap before
{Heap before GC invocations=35 (full 0):
 garbage-first heap   total reserved 2066432K, committed 73728K, used 62229K [0x0000000081e00000, 0x0000000100000000)
  region size 1024K, 27 young (27648K), 4 survivors (4096K)
 Metaspace       used 76397K, committed 77184K, reserved 1179648K
  class space    used 10441K, committed 10816K, reserved 1048576K
}
Event: 11.267 GC heap after
{Heap after GC invocations=36 (full 0):
 garbage-first heap   total reserved 2066432K, committed 89088K, used 41223K [0x0000000081e00000, 0x0000000100000000)
  region size 1024K, 4 young (4096K), 4 survivors (4096K)
 Metaspace       used 76397K, committed 77184K, reserved 1179648K
  class space    used 10441K, committed 10816K, reserved 1048576K
}
Event: 26.254 GC heap before
{Heap before GC invocations=36 (full 0):
 garbage-first heap   total reserved 2066432K, committed 89088K, used 78087K [0x0000000081e00000, 0x0000000100000000)
  region size 1024K, 41 young (41984K), 4 survivors (4096K)
 Metaspace       used 80443K, committed 81344K, reserved 1179648K
  class space    used 10984K, committed 11392K, reserved 1048576K
}
Event: 26.261 GC heap after
{Heap after GC invocations=37 (full 0):
 garbage-first heap   total reserved 2066432K, committed 89088K, used 42729K [0x0000000081e00000, 0x0000000100000000)
  region size 1024K, 4 young (4096K), 4 survivors (4096K)
 Metaspace       used 80443K, committed 81344K, reserved 1179648K
  class space    used 10984K, committed 11392K, reserved 1048576K
}
Event: 165.840 GC heap before
{Heap before GC invocations=37 (full 0):
 garbage-first heap   total reserved 2066432K, committed 89088K, used 77545K [0x0000000081e00000, 0x0000000100000000)
  region size 1024K, 39 young (39936K), 4 survivors (4096K)
 Metaspace       used 83610K, committed 84544K, reserved 1179648K
  class space    used 11413K, committed 11840K, reserved 1048576K
}
Event: 165.848 GC heap after
{Heap after GC invocations=38 (full 0):
 garbage-first heap   total reserved 2066432K, committed 89088K, used 43688K [0x0000000081e00000, 0x0000000100000000)
  region size 1024K, 3 young (3072K), 3 survivors (3072K)
 Metaspace       used 83610K, committed 84544K, reserved 1179648K
  class space    used 11413K, committed 11840K, reserved 1048576K
}
Event: 1170.791 GC heap before
{Heap before GC invocations=38 (full 0):
 garbage-first heap   total reserved 2066432K, committed 89088K, used 80552K [0x0000000081e00000, 0x0000000100000000)
  region size 1024K, 39 young (39936K), 3 survivors (3072K)
 Metaspace       used 83701K, committed 84608K, reserved 1179648K
  class space    used 11413K, committed 11840K, reserved 1048576K
}
Event: 1170.801 GC heap after
{Heap after GC invocations=39 (full 0):
 garbage-first heap   total reserved 2066432K, committed 89088K, used 43399K [0x0000000081e00000, 0x0000000100000000)
  region size 1024K, 3 young (3072K), 3 survivors (3072K)
 Metaspace       used 83701K, committed 84608K, reserved 1179648K
  class space    used 11413K, committed 11840K, reserved 1048576K
}
Event: 2026.771 GC heap before
{Heap before GC invocations=40 (full 0):
 garbage-first heap   total reserved 2066432K, committed 89088K, used 80263K [0x0000000081e00000, 0x0000000100000000)
  region size 1024K, 39 young (39936K), 3 survivors (3072K)
 Metaspace       used 83926K, committed 84928K, reserved 1179648K
  class space    used 11444K, committed 11904K, reserved 1048576K
}
Event: 2026.774 GC heap after
{Heap after GC invocations=41 (full 0):
 garbage-first heap   total reserved 2066432K, committed 89088K, used 44224K [0x0000000081e00000, 0x0000000100000000)
  region size 1024K, 4 young (4096K), 4 survivors (4096K)
 Metaspace       used 83926K, committed 84928K, reserved 1179648K
  class space    used 11444K, committed 11904K, reserved 1048576K
}
Event: 2170.324 GC heap before
{Heap before GC invocations=41 (full 0):
 garbage-first heap   total reserved 2066432K, committed 89088K, used 51392K [0x0000000081e00000, 0x0000000100000000)
  region size 1024K, 12 young (12288K), 4 survivors (4096K)
 Metaspace       used 84043K, committed 85056K, reserved 1179648K
  class space    used 11467K, committed 11904K, reserved 1048576K
}
Event: 2170.376 GC heap after
{Heap after GC invocations=42 (full 1):
 garbage-first heap   total reserved 2066432K, committed 89088K, used 31308K [0x0000000081e00000, 0x0000000100000000)
  region size 1024K, 0 young (0K), 0 survivors (0K)
 Metaspace       used 83576K, committed 85056K, reserved 1179648K
  class space    used 11338K, committed 11904K, reserved 1048576K
}
Event: 2173.438 GC heap before
{Heap before GC invocations=42 (full 1):
 garbage-first heap   total reserved 2066432K, committed 89088K, used 81484K [0x0000000081e00000, 0x0000000100000000)
  region size 1024K, 49 young (50176K), 0 survivors (0K)
 Metaspace       used 83930K, committed 85056K, reserved 1179648K
  class space    used 11368K, committed 11904K, reserved 1048576K
}
Event: 2173.442 GC heap after
{Heap after GC invocations=43 (full 1):
 garbage-first heap   total reserved 2066432K, committed 90112K, used 36946K [0x0000000081e00000, 0x0000000100000000)
  region size 1024K, 6 young (6144K), 6 survivors (6144K)
 Metaspace       used 83930K, committed 85056K, reserved 1179648K
  class space    used 11368K, committed 11904K, reserved 1048576K
}

Dll operation events (12 events):
Event: 0.011 Loaded shared library C:\Users\LENOVO\.p2\pool\plugins\org.eclipse.justj.openjdk.hotspot.jre.full.win32.x86_64_23.0.1.v20241024-1700\jre\bin\java.dll
Event: 0.105 Loaded shared library C:\Users\LENOVO\.p2\pool\plugins\org.eclipse.justj.openjdk.hotspot.jre.full.win32.x86_64_23.0.1.v20241024-1700\jre\bin\zip.dll
Event: 0.295 Loaded shared library C:\Users\LENOVO\.p2\pool\plugins\org.eclipse.justj.openjdk.hotspot.jre.full.win32.x86_64_23.0.1.v20241024-1700\jre\bin\instrument.dll
Event: 0.299 Loaded shared library C:\Users\LENOVO\.p2\pool\plugins\org.eclipse.justj.openjdk.hotspot.jre.full.win32.x86_64_23.0.1.v20241024-1700\jre\bin\net.dll
Event: 0.300 Loaded shared library C:\Users\LENOVO\.p2\pool\plugins\org.eclipse.justj.openjdk.hotspot.jre.full.win32.x86_64_23.0.1.v20241024-1700\jre\bin\nio.dll
Event: 0.302 Loaded shared library C:\Users\LENOVO\.p2\pool\plugins\org.eclipse.justj.openjdk.hotspot.jre.full.win32.x86_64_23.0.1.v20241024-1700\jre\bin\zip.dll
Event: 0.434 Loaded shared library C:\Users\LENOVO\.p2\pool\plugins\org.eclipse.justj.openjdk.hotspot.jre.full.win32.x86_64_23.0.1.v20241024-1700\jre\bin\jimage.dll
Event: 0.475 Loaded shared library C:\Users\LENOVO\.p2\pool\plugins\org.eclipse.justj.openjdk.hotspot.jre.full.win32.x86_64_23.0.1.v20241024-1700\jre\bin\verify.dll
Event: 0.840 Loaded shared library C:\Users\LENOVO\.p2\pool\plugins\org.eclipse.justj.openjdk.hotspot.jre.full.win32.x86_64_23.0.1.v20241024-1700\jre\bin\management.dll
Event: 0.842 Loaded shared library C:\Users\LENOVO\.p2\pool\plugins\org.eclipse.justj.openjdk.hotspot.jre.full.win32.x86_64_23.0.1.v20241024-1700\jre\bin\management_ext.dll
Event: 2.199 Loaded shared library C:\Users\LENOVO\.p2\pool\plugins\org.eclipse.justj.openjdk.hotspot.jre.full.win32.x86_64_23.0.1.v20241024-1700\jre\bin\sunmscapi.dll
Event: 5.336 Loaded shared library C:\Users\LENOVO\.p2\pool\plugins\org.eclipse.justj.openjdk.hotspot.jre.full.win32.x86_64_23.0.1.v20241024-1700\jre\bin\extnet.dll

Deoptimization events (20 events):
Event: 2174.445 Thread 0x000001597ebb2020 Uncommon trap: trap_request=0xffffffbe fr.pc=0x000001592a16feac relative=0x0000000000000e2c
Event: 2174.445 Thread 0x000001597ebb2020 Uncommon trap: reason=profile_predicate action=maybe_recompile pc=0x000001592a16feac method=java.math.BigInteger.montReduce([I[III)[I @ 56 c2
Event: 2174.445 Thread 0x000001597ebb2020 DEOPT PACKING pc=0x000001592a16feac sp=0x00000003709fdfe0
Event: 2174.445 Thread 0x000001597ebb2020 DEOPT UNPACKING pc=0x0000015929974402 sp=0x00000003709fdfb8 mode 2
Event: 2174.445 Thread 0x000001597ebb2020 Uncommon trap: trap_request=0xffffffbe fr.pc=0x000001592a16feac relative=0x0000000000000e2c
Event: 2174.445 Thread 0x000001597ebb2020 Uncommon trap: reason=profile_predicate action=maybe_recompile pc=0x000001592a16feac method=java.math.BigInteger.montReduce([I[III)[I @ 56 c2
Event: 2174.445 Thread 0x000001597ebb2020 DEOPT PACKING pc=0x000001592a16feac sp=0x00000003709fdfe0
Event: 2174.445 Thread 0x000001597ebb2020 DEOPT UNPACKING pc=0x0000015929974402 sp=0x00000003709fdfb8 mode 2
Event: 2174.445 Thread 0x000001597ebb2020 Uncommon trap: trap_request=0xffffffbe fr.pc=0x000001592a16feac relative=0x0000000000000e2c
Event: 2174.445 Thread 0x000001597ebb2020 Uncommon trap: reason=profile_predicate action=maybe_recompile pc=0x000001592a16feac method=java.math.BigInteger.montReduce([I[III)[I @ 56 c2
Event: 2174.445 Thread 0x000001597ebb2020 DEOPT PACKING pc=0x000001592a16feac sp=0x00000003709fdfe0
Event: 2174.445 Thread 0x000001597ebb2020 DEOPT UNPACKING pc=0x0000015929974402 sp=0x00000003709fdfb8 mode 2
Event: 2174.445 Thread 0x000001597ebb2020 Uncommon trap: trap_request=0xffffffbe fr.pc=0x0000015929fbdf94 relative=0x0000000000000b34
Event: 2174.445 Thread 0x000001597ebb2020 Uncommon trap: reason=profile_predicate action=maybe_recompile pc=0x0000015929fbdf94 method=java.math.BigInteger.montReduce([I[III)[I @ 9 c2
Event: 2174.445 Thread 0x000001597ebb2020 DEOPT PACKING pc=0x0000015929fbdf94 sp=0x00000003709fdfe0
Event: 2174.445 Thread 0x000001597ebb2020 DEOPT UNPACKING pc=0x0000015929974402 sp=0x00000003709fdfc0 mode 2
Event: 2174.450 Thread 0x000001597ebb2020 DEOPT PACKING pc=0x0000015922c532f1 sp=0x00000003709fe290
Event: 2174.450 Thread 0x000001597ebb2020 DEOPT UNPACKING pc=0x0000015929974b22 sp=0x00000003709fd758 mode 1
Event: 2181.962 Thread 0x000001597cea5570 DEOPT PACKING pc=0x00000159226c055c sp=0x000000036f6fd6a0
Event: 2181.962 Thread 0x000001597cea5570 DEOPT UNPACKING pc=0x0000015929974b22 sp=0x000000036f6fcb58 mode 0

Classes loaded (20 events):
Event: 95.852 Loading class java/util/ArrayDeque$DescendingIterator
Event: 95.853 Loading class java/util/ArrayDeque$DescendingIterator done
Event: 112.769 Loading class java/util/ArrayList$SubList$2
Event: 112.769 Loading class java/util/ArrayList$SubList$2 done
Event: 2170.273 Loading class sun/util/resources/ParallelListResourceBundle
Event: 2170.275 Loading class sun/util/resources/ParallelListResourceBundle done
Event: 2170.275 Loading class java/text/MessageFormat$Field
Event: 2170.276 Loading class java/text/MessageFormat$Field done
Event: 2170.292 Loading class java/util/concurrent/locks/AbstractQueuedSynchronizer$SharedNode
Event: 2170.294 Loading class java/util/concurrent/locks/AbstractQueuedSynchronizer$SharedNode done
Event: 2170.301 Loading class javax/management/NotificationBroadcasterSupport$WildcardListenerInfo
Event: 2170.301 Loading class javax/management/NotificationBroadcasterSupport$WildcardListenerInfo done
Event: 2170.305 Loading class java/util/AbstractMap$2
Event: 2170.305 Loading class java/util/AbstractMap$2 done
Event: 2170.306 Loading class java/util/AbstractMap$ValueIterator
Event: 2170.307 Loading class java/util/AbstractMap$ValueIterator done
Event: 2170.376 Loading class java/lang/ref/Finalizer$2
Event: 2170.379 Loading class java/lang/ref/Finalizer$2 done
Event: 2170.379 Loading class java/lang/ref/Finalizer$1
Event: 2170.380 Loading class java/lang/ref/Finalizer$1 done

Classes unloaded (20 events):
Event: 2170.338 Thread 0x00000159369f6440 Unloading class 0x00000159380bd800 'java/lang/invoke/LambdaForm$MH+0x00000159380bd800'
Event: 2170.338 Thread 0x00000159369f6440 Unloading class 0x00000159380bd400 'java/lang/invoke/LambdaForm$MH+0x00000159380bd400'
Event: 2170.338 Thread 0x00000159369f6440 Unloading class 0x00000159380b0400 'java/lang/invoke/LambdaForm$MH+0x00000159380b0400'
Event: 2170.338 Thread 0x00000159369f6440 Unloading class 0x00000159380a2000 'java/lang/invoke/LambdaForm$MH+0x00000159380a2000'
Event: 2170.338 Thread 0x00000159369f6440 Unloading class 0x000001593809c400 'java/lang/invoke/LambdaForm$MH+0x000001593809c400'
Event: 2170.338 Thread 0x00000159369f6440 Unloading class 0x0000015938081400 'java/lang/invoke/LambdaForm$MH+0x0000015938081400'
Event: 2170.338 Thread 0x00000159369f6440 Unloading class 0x0000015938080800 'java/lang/invoke/LambdaForm$MH+0x0000015938080800'
Event: 2170.338 Thread 0x00000159369f6440 Unloading class 0x0000015938080400 'java/lang/invoke/LambdaForm$MH+0x0000015938080400'
Event: 2170.338 Thread 0x00000159369f6440 Unloading class 0x000001593801bc00 'java/lang/invoke/LambdaForm$MH+0x000001593801bc00'
Event: 2170.338 Thread 0x00000159369f6440 Unloading class 0x000001593801b800 'java/lang/invoke/LambdaForm$MH+0x000001593801b800'
Event: 2170.338 Thread 0x00000159369f6440 Unloading class 0x000001593801b400 'java/lang/invoke/LambdaForm$MH+0x000001593801b400'
Event: 2170.338 Thread 0x00000159369f6440 Unloading class 0x000001593801a400 'java/lang/invoke/LambdaForm$MH+0x000001593801a400'
Event: 2170.338 Thread 0x00000159369f6440 Unloading class 0x0000015938019400 'java/lang/invoke/LambdaForm$MH+0x0000015938019400'
Event: 2170.338 Thread 0x00000159369f6440 Unloading class 0x0000015938018c00 'java/lang/invoke/LambdaForm$MH+0x0000015938018c00'
Event: 2170.338 Thread 0x00000159369f6440 Unloading class 0x0000015938018400 'java/lang/invoke/LambdaForm$MH+0x0000015938018400'
Event: 2170.338 Thread 0x00000159369f6440 Unloading class 0x0000015938018000 'java/lang/invoke/LambdaForm$MH+0x0000015938018000'
Event: 2170.338 Thread 0x00000159369f6440 Unloading class 0x0000015938003c00 'java/lang/invoke/LambdaForm$MH+0x0000015938003c00'
Event: 2170.338 Thread 0x00000159369f6440 Unloading class 0x0000015938003800 'java/lang/invoke/LambdaForm$MH+0x0000015938003800'
Event: 2170.338 Thread 0x00000159369f6440 Unloading class 0x0000015938003400 'java/lang/invoke/LambdaForm$MH+0x0000015938003400'
Event: 2170.338 Thread 0x00000159369f6440 Unloading class 0x0000015938003000 'java/lang/invoke/LambdaForm$MH+0x0000015938003000'

Classes redefined (3 events):
Event: 2168.717 Thread 0x00000159369f6440 redefined class name=com.cg.restwebservices.restful_webservice.user.Post, count=1
Event: 2181.986 Thread 0x00000159369f6440 redefined class name=com.cg.restwebservices.restful_webservice.user.Post, count=2
Event: 2181.986 Thread 0x00000159369f6440 redefined class name=com.cg.restwebservices.restful_webservice.user.Post, count=1

Internal exceptions (20 events):
Event: 2170.478 Thread 0x000001597cea5570 Implicit null exception at 0x000001592a17deab to 0x000001592a17e7e4
Event: 2170.948 Thread 0x000001597cea5570 Implicit null exception at 0x000001592a0dce38 to 0x000001592a0e22c4
Event: 2171.043 Thread 0x000001597cea5570 Implicit null exception at 0x000001592a28d996 to 0x000001592a291108
Event: 2171.146 Thread 0x000001597cea5570 Implicit null exception at 0x000001592a07418b to 0x000001592a076638
Event: 2171.154 Thread 0x000001597cea5570 Exception <a 'java/lang/NoClassDefFoundError'{0x0000000084b43c38}: org/flywaydb/core/Flyway> (0x0000000084b43c38) 
thrown [s\src\hotspot\share\oops\constantPool.cpp, line 867]
Event: 2173.305 Thread 0x000001597cea5570 Exception <a 'java/lang/NoClassDefFoundError'{0x0000000084b44298}: liquibase/integration/spring/SpringLiquibase> (0x0000000084b44298) 
thrown [s\src\hotspot\share\oops\constantPool.cpp, line 867]
Event: 2173.314 Thread 0x000001597cea5570 Exception <a 'java/lang/NoClassDefFoundError'{0x0000000084bf96b8}: org/jooq/DSLContext> (0x0000000084bf96b8) 
thrown [s\src\hotspot\share\oops\constantPool.cpp, line 867]
Event: 2173.316 Thread 0x000001597cea5570 Exception <a 'java/lang/NoClassDefFoundError'{0x0000000084bfad88}: org/springframework/batch/core/repository/JobRepository> (0x0000000084bfad88) 
thrown [s\src\hotspot\share\oops\constantPool.cpp, line 867]
Event: 2173.318 Thread 0x000001597cea5570 Exception <a 'java/lang/NoClassDefFoundError'{0x0000000084bfb660}: org/quartz/Scheduler> (0x0000000084bfb660) 
thrown [s\src\hotspot\share\oops\constantPool.cpp, line 867]
Event: 2173.318 Thread 0x000001597cea5570 Exception <a 'java/lang/NoClassDefFoundError'{0x0000000084bfbce0}: org/springframework/session/jdbc/JdbcIndexedSessionRepository> (0x0000000084bfbce0) 
thrown [s\src\hotspot\share\oops\constantPool.cpp, line 867]
Event: 2173.343 Thread 0x000001597cea5570 Exception <a 'java/lang/NoSuchMethodError'{0x0000000084902378}: 'void java.lang.invoke.DelegatingMethodHandle$Holder.reinvoke_L(java.lang.Object, java.lang.Object, int)'> (0x0000000084902378) 
thrown [s\src\hotspot\share\interpreter\linkResolver.cpp, line 796]
Event: 2173.355 Thread 0x000001597cea5570 Exception <a 'java/lang/ArrayIndexOutOfBoundsException'{0x00000000849abe38}: Index 28 out of bounds for length 28> (0x00000000849abe38) 
thrown [s\src\hotspot\share\interpreter\interpreterRuntime.cpp, line 422]
Event: 2173.355 Thread 0x000001597cea5570 Exception <a 'java/lang/ArrayIndexOutOfBoundsException'{0x00000000849ac410}: Index 28 out of bounds for length 28> (0x00000000849ac410) 
thrown [s\src\hotspot\share\interpreter\interpreterRuntime.cpp, line 422]
Event: 2173.357 Thread 0x000001597cea5570 Implicit null exception at 0x000001592a2da2e0 to 0x000001592a2e51a4
Event: 2173.366 Thread 0x000001597cea5570 Exception <a 'java/lang/ArrayIndexOutOfBoundsException'{0x000000008481d5c0}: Index 21 out of bounds for length 21> (0x000000008481d5c0) 
thrown [s\src\hotspot\share\interpreter\interpreterRuntime.cpp, line 422]
Event: 2173.366 Thread 0x000001597cea5570 Exception <a 'java/lang/ArrayIndexOutOfBoundsException'{0x000000008481db98}: Index 21 out of bounds for length 21> (0x000000008481db98) 
thrown [s\src\hotspot\share\interpreter\interpreterRuntime.cpp, line 422]
Event: 2173.537 Thread 0x000001597cea5570 Exception <a 'java/lang/NoSuchMethodError'{0x0000000086a76948}: 'int java.lang.invoke.DirectMethodHandle$Holder.invokeVirtual(java.lang.Object, java.lang.Object, java.lang.Object, java.lang.Object)'> (0x0000000086a76948) 
thrown [s\src\hotspot\share\interpreter\linkResolver.cpp, line 796]
Event: 2173.538 Thread 0x000001597cea5570 Exception <a 'java/lang/NoSuchMethodError'{0x0000000086a79f28}: 'int java.lang.invoke.DelegatingMethodHandle$Holder.reinvoke_L(java.lang.Object, java.lang.Object, java.lang.Object, java.lang.Object)'> (0x0000000086a79f28) 
thrown [s\src\hotspot\share\interpreter\linkResolver.cpp, line 796]
Event: 2173.555 Thread 0x000001597cea5570 Exception <a 'java/io/FileNotFoundException'{0x0000000086ad4fe0}> (0x0000000086ad4fe0) 
thrown [s\src\hotspot\share\prims\jni.cpp, line 520]
Event: 2173.682 Thread 0x000001597cea5570 Exception <a 'java/io/FileNotFoundException'{0x0000000085f1ff58}> (0x0000000085f1ff58) 
thrown [s\src\hotspot\share\prims\jni.cpp, line 520]

VM Operations (20 events):
Event: 2174.008 Executing VM operation: get/set locals done
Event: 2174.008 Executing VM operation: get/set locals
Event: 2174.008 Executing VM operation: get/set locals done
Event: 2174.009 Executing VM operation: get/set locals
Event: 2174.009 Executing VM operation: get/set locals done
Event: 2174.010 Executing VM operation: get/set locals
Event: 2174.010 Executing VM operation: get/set locals done
Event: 2174.011 Executing VM operation: get/set locals
Event: 2174.011 Executing VM operation: get/set locals done
Event: 2174.011 Executing VM operation: get/set locals
Event: 2174.011 Executing VM operation: get/set locals done
Event: 2181.961 Executing VM operation: ChangeSingleStep
Event: 2181.961 Executing VM operation: ChangeSingleStep done
Event: 2181.962 Executing VM operation: ChangeSingleStep
Event: 2181.962 Executing VM operation: ChangeSingleStep done
Event: 2181.978 Executing VM operation: RedefineClasses
Event: 2182.003 Executing VM operation: RedefineClasses done
Event: 2182.005 Executing VM operation: ChangeSingleStep
Event: 2182.005 Executing VM operation: ChangeSingleStep done
Event: 2182.008 Executing VM operation: GetObjectMonitorUsage

Memory protections (0 events):
No events

Nmethod flushes (20 events):
Event: 2170.350 Thread 0x00000159369f6440 flushing  nmethod 0x0000015922dc2b88
Event: 2170.350 Thread 0x00000159369f6440 flushing  nmethod 0x0000015922dc4188
Event: 2170.350 Thread 0x00000159369f6440 flushing  nmethod 0x0000015922dc4808
Event: 2170.350 Thread 0x00000159369f6440 flushing  nmethod 0x0000015922e01988
Event: 2170.350 Thread 0x00000159369f6440 flushing  nmethod 0x0000015922e2cd88
Event: 2170.350 Thread 0x00000159369f6440 flushing  nmethod 0x0000015922e2d208
Event: 2170.350 Thread 0x00000159369f6440 flushing  nmethod 0x0000015922e2de08
Event: 2170.350 Thread 0x00000159369f6440 flushing  nmethod 0x0000015922e4ba88
Event: 2170.350 Thread 0x00000159369f6440 flushing  nmethod 0x0000015922e4bf88
Event: 2170.350 Thread 0x00000159369f6440 flushing  nmethod 0x0000015922e4c588
Event: 2170.350 Thread 0x00000159369f6440 flushing  nmethod 0x0000015922e4cd08
Event: 2170.350 Thread 0x00000159369f6440 flushing  nmethod 0x0000015922e4d108
Event: 2170.350 Thread 0x00000159369f6440 flushing  nmethod 0x0000015922e4d988
Event: 2170.350 Thread 0x00000159369f6440 flushing  nmethod 0x0000015922e4dd08
Event: 2170.350 Thread 0x00000159369f6440 flushing  nmethod 0x0000015922e78d88
Event: 2170.350 Thread 0x00000159369f6440 flushing  nmethod 0x0000015922e7ee08
Event: 2170.350 Thread 0x00000159369f6440 flushing  nmethod 0x0000015922e7ff88
Event: 2170.350 Thread 0x00000159369f6440 flushing  nmethod 0x0000015922eb6f88
Event: 2170.350 Thread 0x00000159369f6440 flushing  nmethod 0x0000015922eb7288
Event: 2170.350 Thread 0x00000159369f6440 flushing  nmethod 0x0000015922eb8988

Events (20 events):
Event: 2170.380 Thread 0x000001597cea1a60 Thread added: 0x000001597cea2780
Event: 2170.380 Thread 0x000001597cea2780 Thread exited: 0x000001597cea2780
Event: 2170.380 Thread 0x000001597de2b4a0 Thread exited: 0x000001597de2b4a0
Event: 2170.381 Thread 0x000001597cea1a60 Thread added: 0x000001597cea5570
Event: 2170.408 Thread 0x0000015936a30810 Thread added: 0x000001590596fd80
Event: 2170.488 Thread 0x000001597cea5570 Thread added: 0x000001597cea41c0
Event: 2170.557 Thread 0x000001597cea41c0 Thread exited: 0x000001597cea41c0
Event: 2173.309 Thread 0x000001590596fd80 Thread exited: 0x000001590596fd80
Event: 2173.309 Thread 0x000001590596e910 Thread exited: 0x000001590596e910
Event: 2173.312 Thread 0x0000015936a201e0 Thread added: 0x0000015905969080
Event: 2173.358 Thread 0x0000015936a30810 Thread added: 0x000001590596fd80
Event: 2173.683 Thread 0x000001597cea5570 Thread added: 0x000001597cea0020
Event: 2173.683 Thread 0x000001597cea5570 Thread added: 0x000001597cea06b0
Event: 2173.684 Thread 0x000001597cea5570 Thread added: 0x000001597ebb40f0
Event: 2173.786 Thread 0x000001597cea5570 Thread added: 0x000001597ebb54a0
Event: 2173.788 Thread 0x000001597cea5570 Thread added: 0x000001597ebb5b30
Event: 2173.893 Thread 0x000001597ebb5b30 Thread added: 0x000001597ebb2020
Event: 2174.336 Thread 0x000001590596fd80 Thread exited: 0x000001590596fd80
Event: 2179.481 Thread 0x0000015905969080 Thread exited: 0x0000015905969080
Event: 2179.511 Thread 0x000001597ebb2020 Thread exited: 0x000001597ebb2020


Dynamic libraries:
0x00007ff6675d0000 - 0x00007ff6675de000 	C:\Users\LENOVO\.p2\pool\plugins\org.eclipse.justj.openjdk.hotspot.jre.full.win32.x86_64_23.0.1.v20241024-1700\jre\bin\javaw.exe
0x00007fff2a8f0000 - 0x00007fff2aae8000 	C:\WINDOWS\SYSTEM32\ntdll.dll
0x00007fff2a310000 - 0x00007fff2a3d2000 	C:\WINDOWS\System32\KERNEL32.DLL
0x00007fff28340000 - 0x00007fff2863f000 	C:\WINDOWS\System32\KERNELBASE.dll
0x00007fff28030000 - 0x00007fff28130000 	C:\WINDOWS\System32\ucrtbase.dll
0x00007fff1b590000 - 0x00007fff1b5a7000 	C:\Users\LENOVO\.p2\pool\plugins\org.eclipse.justj.openjdk.hotspot.jre.full.win32.x86_64_23.0.1.v20241024-1700\jre\bin\jli.dll
0x00007fff20000000 - 0x00007fff2001e000 	C:\Users\LENOVO\.p2\pool\plugins\org.eclipse.justj.openjdk.hotspot.jre.full.win32.x86_64_23.0.1.v20241024-1700\jre\bin\VCRUNTIME140.dll
0x00007fff29450000 - 0x00007fff295ed000 	C:\WINDOWS\System32\USER32.dll
0x00007fff0e9f0000 - 0x00007fff0ec8a000 	C:\WINDOWS\WinSxS\amd64_microsoft.windows.common-controls_6595b64144ccf1df_6.0.19041.4355_none_60b8b9eb71f62e16\COMCTL32.dll
0x00007fff287d0000 - 0x00007fff287f2000 	C:\WINDOWS\System32\win32u.dll
0x00007fff29fa0000 - 0x00007fff29fcb000 	C:\WINDOWS\System32\GDI32.dll
0x00007fff29830000 - 0x00007fff298ce000 	C:\WINDOWS\System32\msvcrt.dll
0x00007fff28180000 - 0x00007fff28297000 	C:\WINDOWS\System32\gdi32full.dll
0x00007fff282a0000 - 0x00007fff2833d000 	C:\WINDOWS\System32\msvcp_win.dll
0x00007fff29410000 - 0x00007fff2943f000 	C:\WINDOWS\System32\IMM32.DLL
0x00007fff24470000 - 0x00007fff2447c000 	C:\Users\LENOVO\.p2\pool\plugins\org.eclipse.justj.openjdk.hotspot.jre.full.win32.x86_64_23.0.1.v20241024-1700\jre\bin\vcruntime140_1.dll
0x00007ffefce60000 - 0x00007ffefceed000 	C:\Users\LENOVO\.p2\pool\plugins\org.eclipse.justj.openjdk.hotspot.jre.full.win32.x86_64_23.0.1.v20241024-1700\jre\bin\msvcp140.dll
0x00007ffead520000 - 0x00007ffeae2ed000 	C:\Users\LENOVO\.p2\pool\plugins\org.eclipse.justj.openjdk.hotspot.jre.full.win32.x86_64_23.0.1.v20241024-1700\jre\bin\server\jvm.dll
0x00007fff29a60000 - 0x00007fff29b11000 	C:\WINDOWS\System32\ADVAPI32.dll
0x00007fff2a810000 - 0x00007fff2a8af000 	C:\WINDOWS\System32\sechost.dll
0x00007fff29930000 - 0x00007fff29a53000 	C:\WINDOWS\System32\RPCRT4.dll
0x00007fff28640000 - 0x00007fff28667000 	C:\WINDOWS\System32\bcrypt.dll
0x00007fff2a150000 - 0x00007fff2a1bb000 	C:\WINDOWS\System32\WS2_32.dll
0x00007fff27d30000 - 0x00007fff27d7b000 	C:\WINDOWS\SYSTEM32\POWRPROF.dll
0x00007fff22d70000 - 0x00007fff22d97000 	C:\WINDOWS\SYSTEM32\WINMM.dll
0x00007fff1fbd0000 - 0x00007fff1fbda000 	C:\WINDOWS\SYSTEM32\VERSION.dll
0x00007fff27d10000 - 0x00007fff27d22000 	C:\WINDOWS\SYSTEM32\UMPDC.dll
0x00007fff25ce0000 - 0x00007fff25cf2000 	C:\WINDOWS\SYSTEM32\kernel.appcore.dll
0x00007fff1af60000 - 0x00007fff1af6a000 	C:\Users\LENOVO\.p2\pool\plugins\org.eclipse.justj.openjdk.hotspot.jre.full.win32.x86_64_23.0.1.v20241024-1700\jre\bin\jimage.dll
0x00007fff1d8b0000 - 0x00007fff1da94000 	C:\WINDOWS\SYSTEM32\DBGHELP.DLL
0x00007fff1dca0000 - 0x00007fff1dcd4000 	C:\WINDOWS\SYSTEM32\dbgcore.DLL
0x00007fff28870000 - 0x00007fff288f2000 	C:\WINDOWS\System32\bcryptPrimitives.dll
0x00007fff1b2e0000 - 0x00007fff1b31c000 	C:\Users\LENOVO\.p2\pool\plugins\org.eclipse.justj.openjdk.hotspot.jre.full.win32.x86_64_23.0.1.v20241024-1700\jre\bin\jdwp.dll
0x00007fff233c0000 - 0x00007fff233cf000 	C:\Users\LENOVO\.p2\pool\plugins\org.eclipse.justj.openjdk.hotspot.jre.full.win32.x86_64_23.0.1.v20241024-1700\jre\bin\instrument.dll
0x00007ffefdaa0000 - 0x00007ffefdabe000 	C:\Users\LENOVO\.p2\pool\plugins\org.eclipse.justj.openjdk.hotspot.jre.full.win32.x86_64_23.0.1.v20241024-1700\jre\bin\java.dll
0x00007fff29700000 - 0x00007fff2982b000 	C:\WINDOWS\System32\ole32.dll
0x00007fff2a4b0000 - 0x00007fff2a805000 	C:\WINDOWS\System32\combase.dll
0x00007fff28ca0000 - 0x00007fff2940e000 	C:\WINDOWS\System32\SHELL32.dll
0x00007fff25fc0000 - 0x00007fff26764000 	C:\WINDOWS\SYSTEM32\windows.storage.dll
0x00007fff27800000 - 0x00007fff2782f000 	C:\WINDOWS\SYSTEM32\Wldp.dll
0x00007fff2a080000 - 0x00007fff2a14d000 	C:\WINDOWS\System32\OLEAUT32.dll
0x00007fff29fd0000 - 0x00007fff2a07d000 	C:\WINDOWS\System32\SHCORE.dll
0x00007fff2a2b0000 - 0x00007fff2a305000 	C:\WINDOWS\System32\shlwapi.dll
0x00007fff27eb0000 - 0x00007fff27ed4000 	C:\WINDOWS\SYSTEM32\profapi.dll
0x00007ffef8850000 - 0x00007ffef8867000 	C:\Users\LENOVO\.p2\pool\plugins\org.eclipse.justj.openjdk.hotspot.jre.full.win32.x86_64_23.0.1.v20241024-1700\jre\bin\zip.dll
0x00007fff1af20000 - 0x00007fff1af2c000 	C:\Users\LENOVO\.p2\pool\plugins\org.eclipse.justj.openjdk.hotspot.jre.full.win32.x86_64_23.0.1.v20241024-1700\jre\bin\dt_socket.dll
0x00007fff272e0000 - 0x00007fff2731b000 	C:\WINDOWS\SYSTEM32\IPHLPAPI.DLL
0x00007fff275e0000 - 0x00007fff2764a000 	C:\WINDOWS\system32\mswsock.dll
0x00007fff27320000 - 0x00007fff273ea000 	C:\WINDOWS\SYSTEM32\DNSAPI.dll
0x00007fff2a2a0000 - 0x00007fff2a2a8000 	C:\WINDOWS\System32\NSI.dll
0x00007fff1fba0000 - 0x00007fff1fbaa000 	C:\Windows\System32\rasadhlp.dll
0x00007fff21030000 - 0x00007fff210b0000 	C:\WINDOWS\System32\fwpuclnt.dll
0x00007fff1af50000 - 0x00007fff1af60000 	C:\Users\LENOVO\.p2\pool\plugins\org.eclipse.justj.openjdk.hotspot.jre.full.win32.x86_64_23.0.1.v20241024-1700\jre\bin\net.dll
0x00007ffef8830000 - 0x00007ffef8846000 	C:\Users\LENOVO\.p2\pool\plugins\org.eclipse.justj.openjdk.hotspot.jre.full.win32.x86_64_23.0.1.v20241024-1700\jre\bin\nio.dll
0x00007fff23020000 - 0x00007fff23030000 	C:\Users\LENOVO\.p2\pool\plugins\org.eclipse.justj.openjdk.hotspot.jre.full.win32.x86_64_23.0.1.v20241024-1700\jre\bin\verify.dll
0x00007fff1af10000 - 0x00007fff1af1a000 	C:\Users\LENOVO\.p2\pool\plugins\org.eclipse.justj.openjdk.hotspot.jre.full.win32.x86_64_23.0.1.v20241024-1700\jre\bin\management.dll
0x00007fff1a330000 - 0x00007fff1a33b000 	C:\Users\LENOVO\.p2\pool\plugins\org.eclipse.justj.openjdk.hotspot.jre.full.win32.x86_64_23.0.1.v20241024-1700\jre\bin\management_ext.dll
0x00007fff29440000 - 0x00007fff29448000 	C:\WINDOWS\System32\PSAPI.DLL
0x00007fff1cc90000 - 0x00007fff1cc9e000 	C:\Users\LENOVO\.p2\pool\plugins\org.eclipse.justj.openjdk.hotspot.jre.full.win32.x86_64_23.0.1.v20241024-1700\jre\bin\sunmscapi.dll
0x00007fff28670000 - 0x00007fff287cc000 	C:\WINDOWS\System32\CRYPT32.dll
0x00007fff27870000 - 0x00007fff27897000 	C:\WINDOWS\SYSTEM32\ncrypt.dll
0x00007fff27830000 - 0x00007fff2786b000 	C:\WINDOWS\SYSTEM32\NTASN1.dll
0x00007fff27b50000 - 0x00007fff27b68000 	C:\WINDOWS\SYSTEM32\CRYPTSP.dll
0x00007fff26f20000 - 0x00007fff26f54000 	C:\WINDOWS\system32\rsaenh.dll
0x00007fff27e30000 - 0x00007fff27e5e000 	C:\WINDOWS\SYSTEM32\USERENV.dll
0x00007fff27770000 - 0x00007fff2777c000 	C:\WINDOWS\SYSTEM32\CRYPTBASE.dll
0x00007fff1b210000 - 0x00007fff1b219000 	C:\Users\LENOVO\.p2\pool\plugins\org.eclipse.justj.openjdk.hotspot.jre.full.win32.x86_64_23.0.1.v20241024-1700\jre\bin\extnet.dll
0x00007fff04820000 - 0x00007fff04837000 	C:\WINDOWS\system32\napinsp.dll
0x00007fff02c90000 - 0x00007fff02cab000 	C:\WINDOWS\system32\pnrpnsp.dll
0x00007fff06080000 - 0x00007fff06095000 	C:\WINDOWS\system32\wshbth.dll
0x00007fff224f0000 - 0x00007fff2250d000 	C:\WINDOWS\system32\NLAapi.dll
0x00007fff02a00000 - 0x00007fff02a12000 	C:\WINDOWS\System32\winrnr.dll
0x00007fff13950000 - 0x00007fff13957000 	C:\WINDOWS\system32\wshunix.dll

dbghelp: loaded successfully - version: 4.0.5 - missing functions: none
symbol engine: initialized successfully - sym options: 0x614 - pdb path: .;C:\Users\LENOVO\.p2\pool\plugins\org.eclipse.justj.openjdk.hotspot.jre.full.win32.x86_64_23.0.1.v20241024-1700\jre\bin;C:\WINDOWS\SYSTEM32;C:\WINDOWS\WinSxS\amd64_microsoft.windows.common-controls_6595b64144ccf1df_6.0.19041.4355_none_60b8b9eb71f62e16;C:\Users\LENOVO\.p2\pool\plugins\org.eclipse.justj.openjdk.hotspot.jre.full.win32.x86_64_23.0.1.v20241024-1700\jre\bin\server

VM Arguments:
jvm_args: -XX:+ShowCodeDetailsInExceptionMessages -agentlib:jdwp=transport=dt_socket,suspend=y,address=localhost:52249 -javaagent:D:\Program Files\eclipse\configuration\org.eclipse.osgi\252\0\.cp\lib\javaagent-shaded.jar -Dfile.encoding=UTF-8 -Dstdout.encoding=UTF-8 -Dstderr.encoding=UTF-8 
java_command: com.cg.restwebservices.restful_webservice.RestfulWebserviceApplication
java_class_path (initial): D:\Projects\RestfulWebServices\target\classes;C:\Users\LENOVO\.m2\repository\org\springframework\boot\spring-boot-starter-data-jpa\3.3.5\spring-boot-starter-data-jpa-3.3.5.jar;C:\Users\LENOVO\.m2\repository\org\springframework\boot\spring-boot-starter-aop\3.3.5\spring-boot-starter-aop-3.3.5.jar;C:\Users\LENOVO\.m2\repository\org\springframework\spring-aop\6.1.14\spring-aop-6.1.14.jar;C:\Users\LENOVO\.m2\repository\org\aspectj\aspectjweaver\1.9.22.1\aspectjweaver-1.9.22.1.jar;C:\Users\LENOVO\.m2\repository\org\hibernate\orm\hibernate-core\6.5.3.Final\hibernate-core-6.5.3.Final.jar;C:\Users\LENOVO\.m2\repository\jakarta\persistence\jakarta.persistence-api\3.1.0\jakarta.persistence-api-3.1.0.jar;C:\Users\LENOVO\.m2\repository\jakarta\transaction\jakarta.transaction-api\2.0.1\jakarta.transaction-api-2.0.1.jar;C:\Users\LENOVO\.m2\repository\org\jboss\logging\jboss-logging\3.5.3.Final\jboss-logging-3.5.3.Final.jar;C:\Users\LENOVO\.m2\repository\org\hibernate\common\hibernate-commons-annotations\6.0.6.Final\hibernate-commons-annotations-6.0.6.Final.jar;C:\Users\LENOVO\.m2\repository\io\smallrye\jandex\3.1.2\jandex-3.1.2.jar;C:\Users\LENOVO\.m2\repository\com\fasterxml\classmate\1.7.0\classmate-1.7.0.jar;C:\Users\LENOVO\.m2\repository\net\bytebuddy\byte-buddy\1.14.19\byte-buddy-1.14.19.jar;C:\Users\LENOVO\.m2\repository\org\glassfish\jaxb\jaxb-runtime\4.0.5\jaxb-runtime-4.0.5.jar;C:\Users\LENOVO\.m2\repository\org\glassfish\jaxb\jaxb-core\4.0.5\jaxb-core-4.0.5.jar;C:\Users\LENOVO\.m2\repository\org\eclipse\angus\angus-activation\2.0.2\angus-activation-2.0.2.jar;C:\Users\LENOVO\.m2\repository\org\glassfish\jaxb\txw2\4.0.5\txw2-4.0.5.jar;C:\Users\LENOVO\.m2\repository\com\sun\istack\istack-commons-runtime\4.1.2\istack-commons-runtime-4.1.2.jar;C:\Users\LENOVO\.m2\repository\jakarta\inject\jakarta.inject-api\2.0.1\jakarta.inject-api-2.0.1.jar;C:\Users\LENOVO\.m2\repository\org\antlr\antlr4-runtime\4.13.0\antlr4-runtime-4.13.0.jar;C:\Users\LENOVO\.m2\repository\org\springframework\data\spring-data-jpa\3.3.5\spring-data-jpa-3.3.5.jar;C:\Users\LENOVO\.m2\repository\org\springframework\data\spring-data-commons\3.3.5\spring-data-commons-3.3.5.jar;C:\Users\LENOVO\.m2\repository\org\springframework\spring-orm\6.1.14\spring-orm-6.1.14.jar;C:\Users\LENOVO\.m2\repository\org\springframework\spring-context\6.1.14\spring-context-6.1.14.jar;C:\Users\LENOVO\.m2\repository\org\springframework\spring-tx\6.1.14\spring-tx-6.1.14.jar;C:\Users\LENOVO\.m2\repository\org\springframework\spring-beans\6.1.14\spring-beans-6.1.14.jar;C:\Users\LENOVO\.m2\repository\jakarta\annotation\jakarta.annotation-api\2.1.1\jakarta.annotation-api-2.1.1.jar;C:\Users\LENOVO\.m2\repository\org\springframework\spring-aspects\6.1.14\spring-aspects-6.1.14.jar;C:\Users\LENOVO\.m2\repository\org\springframework\boot\spring-boot-starter-web\3.3.5\spring-boot-starter-web-3.3.5.jar;C:\Users\LENOVO\.m2\repository\org\springframework\boot\spring-boot-starter\3.3.5\spring-boot-starter-3.3.5.jar;C:\Users\LENOVO\.m2\repository\org\springframework\boot\spring-boot-starter-logging\3.3.5\spring-boot-starter-logging-3.3.5.jar;C:\Users\LENOVO\.m2\repository\ch\qos\logback\logback-classic\1.5.11\logback-classic-1.5.11.jar;C:\Users\LENOVO\.m2\repository\ch\qos\logback\logback-core\1.5.11\logback-core-1.5.11.jar;C:\Users\LENOVO\.m2\repository\org\apache\logging\log4j\log4j-to-slf4j\2.23.1\log4j-to-slf4j-2.23.1.jar;C:\Users\LENOVO\.m2\repository\org\apache\logging\log4j\log4j-api\2.23.1\log4j-api-2.23.1.jar;C:\Users\LENOVO\.m2\repository\org\slf4j\jul-to-slf4j\2.0.16\jul-to-slf4j-2.0.16.jar;C:\Users\LENOVO\.m2\repository\org\yaml\snakeyaml\2.2\snakeyaml-2.2.jar;C:\Users\LENOVO\.m2\repository\org\springframework\boot\spring-boot-starter-json\3.3.5\spring-boot-starter-json-3.3.5.jar;C:\Users\LENOVO\.m2\repository\com\fasterxml\jackson\core\jackson-databind\2.17.2\jackson-databind-2.17.2.jar;C:\Users\LENOVO\.m2\repository\com\fasterxml\jackson\core\jackson-core\2.17.2\jackson-core-2.17.2.jar;C:\Users\LENOVO\.m2\repository\com\fasterxml\jackson\datatype\jackson-datatype-jdk8\2.17.2\jackson-datatype-jdk8-2.17.2.jar;C:\Users\LENOVO\.m2\repository\com\fasterxml\jackson\datatype\jackson-datatype-jsr310\2.17.2\jackson-datatype-jsr310-2.17.2.jar;C:\Users\LENOVO\.m2\repository\com\fasterxml\jackson\module\jackson-module-parameter-names\2.17.2\jackson-module-parameter-names-2.17.2.jar;C:\Users\LENOVO\.m2\repository\org\springframework\boot\spring-boot-starter-tomcat\3.3.5\spring-boot-starter-tomcat-3.3.5.jar;C:\Users\LENOVO\.m2\repository\org\apache\tomcat\embed\tomcat-embed-core\10.1.31\tomcat-embed-core-10.1.31.jar;C:\Users\LENOVO\.m2\repository\org\apache\tomcat\embed\tomcat-embed-websocket\10.1.31\tomcat-embed-websocket-10.1.31.jar;C:\Users\LENOVO\.m2\repository\org\springframework\spring-web\6.1.14\spring-web-6.1.14.jar;C:\Users\LENOVO\.m2\repository\org\springframework\spring-webmvc\6.1.14\spring-webmvc-6.1.14.jar;C:\Users\LENOVO\.m2\repository\org\springframework\spring-expression\6.1.14\spring-expression-6.1.14.jar;C:\Users\LENOVO\.m2\repository\org\springframework\boot\spring-boot-starter-actuator\3.3.5\spring-boot-starter-actuator-3.3.5.jar;C:\Users\LENOVO\.m2\repository\org\springframework\boot\spring-boot-actuator-autoconfigure\3.3.5\spring-boot-actuator-autoconfigure-3.3.5.jar;C:\Users\LENOVO\.m2\repository\org\springframework\boot\spring-boot-actuator\3.3.5\spring-boot-actuator-3.3.5.jar;C:\Users\LENOVO\.m2\repository\io\micrometer\micrometer-observation\1.13.6\micrometer-observation-1.13.6.jar;C:\Users\LENOVO\.m2\repository\io\micrometer\micrometer-commons\1.13.6\micrometer-commons-1.13.6.jar;C:\Users\LENOVO\.m2\repository\io\micrometer\micrometer-jakarta9\1.13.6\micrometer-jakarta9-1.13.6.jar;C:\Users\LENOVO\.m2\repository\io\micrometer\micrometer-core\1.13.6\micrometer-core-1.13.6.jar;C:\Users\LENOVO\.m2\repository\org\hdrhistogram\HdrHistogram\2.2.2\HdrHistogram-2.2.2.jar;C:\Users\LENOVO\.m2\repository\org\latencyutils\LatencyUtils\2.0.3\LatencyUtils-2.0.3.jar;C:\Users\LENOVO\.m2\repository\org\springframework\data\spring-data-rest-hal-explorer\4.3.5\spring-data-rest-hal-explorer-4.3.5.jar;C:\Users\LENOVO\.m2\repository\org\springframework\data\spring-data-rest-webmvc\4.3.5\spring-data-rest-webmvc-4.3.5.jar;C:\Users\LENOVO\.m2\repository\org\springframework\data\spring-data-rest-core\4.3.5\spring-data-rest-core-4.3.5.jar;C:\Users\LENOVO\.m2\repository\org\atteo\evo-inflector\1.3\evo-inflector-1.3.jar;C:\Users\LENOVO\.m2\repository\com\fasterxml\jackson\core\jackson-annotations\2.17.2\jackson-annotations-2.17.2.jar;C:\Users\LENOVO\.m2\repository\org\slf4j\slf4j-api\2.0.16\slf4j-api-2.0.16.jar;C:\Users\LENOVO\.m2\repository\org\springframework\boot\spring-boot-starter-hateoas\3.3.5\spring-boot-starter-hateoas-3.3.5.jar;C:\Users\LENOVO\.m2\repository\org\springframework\hateoas\spring-hateoas\2.3.3\spring-hateoas-2.3.3.jar;C:\Users\LENOVO\.m2\repository\org\springframework\plugin\spring-plugin-core\3.0.0\spring-plugin-core-3.0.0.jar;C:\Users\LENOVO\.m2\repository\org\springframework\boot\spring-boot-starter-validation\3.3.5\spring-boot-starter-validation-3.3.5.jar;C:\Users\LENOVO\.m2\repository\org\apache\tomcat\embed\tomcat-embed-el\10.1.31\tomcat-embed-el-10.1.31.jar;C:\Users\LENOVO\.m2\repository\org\hibernate\validator\hibernate-validator\8.0.1.Final\hibernate-validator-8.0.1.Final.jar;C:\Users\LENOVO\.m2\repository\jakarta\validation\jakarta.validation-api\3.0.2\jakarta.validation-api-3.0.2.jar;C:\Users\LENOVO\.m2\repository\org\springframework\boot\spring-boot-devtools\3.3.5\spring-boot-devtools-3.3.5.jar;C:\Users\LENOVO\.m2\repository\org\springframework\boot\spring-boot\3.3.5\spring-boot-3.3.5.jar;C:\Users\LENOVO\.m2\repository\org\springframework\boot\spring-boot-autoconfigure\3.3.5\spring-boot-autoconfigure-3.3.5.jar;C:\Users\LENOVO\.m2\repository\org\springframework\boot\spring-boot-starter-jdbc\3.3.5\spring-boot-starter-jdbc-3.3.5.jar;C:\Users\LENOVO\.m2\repository\com\zaxxer\HikariCP\5.1.0\HikariCP-5.1.0.jar;C:\Users\LENOVO\.m2\repository\org\springframework\spring-jdbc\6.1.14\spring-jdbc-6.1.14.jar;C:\Users\LENOVO\.m2\repository\com\microsoft\sqlserver\mssql-jdbc\12.6.4.jre11\mssql-jdbc-12.6.4.jre11.jar;C:\Users\LENOVO\.m2\repository\com\jayway\jsonpath\json-path\2.9.0\json-path-2.9.0.jar;C:\Users\LENOVO\.m2\repository\jakarta\xml\bind\jakarta.xml.bind-api\4.0.2\jakarta.xml.bind-api-4.0.2.jar;C:\Users\LENOVO\.m2\repository\jakarta\activation\jakarta.activation-api\2.1.3\jakarta.activation-api-2.1.3.jar;C:\Users\LENOVO\.m2\repository\net\minidev\json-smart\2.5.1\json-smart-2.5.1.jar;C:\Users\LENOVO\.m2\repository\net\minidev\accessors-smart\2.5.1\accessors-smart-2.5.1.jar;C:\Users\LENOVO\.m2\repository\org\ow2\asm\asm\9.6\asm-9.6.jar;C:\Users\LENOVO\.m2\repository\org\springframework\spring-core\6.1.14\spring-core-6.1.14.jar;C:\Users\LENOVO\.m2\repository\org\springframework\spring-jcl\6.1.14\spring-jcl-6.1.14.jar
Launcher Type: SUN_STANDARD

[Global flags]
     intx CICompilerCount                          = 4                                         {product} {ergonomic}
     uint ConcGCThreads                            = 2                                         {product} {ergonomic}
     uint G1ConcRefinementThreads                  = 8                                         {product} {ergonomic}
   size_t G1HeapRegionSize                         = 1048576                                   {product} {ergonomic}
   size_t InitialHeapSize                          = 134217728                                 {product} {ergonomic}
   size_t MarkStackSize                            = 4194304                                   {product} {ergonomic}
   size_t MarkStackSizeMax                         = 536870912                                 {product} {ergonomic}
   size_t MaxHeapSize                              = 2116026368                                {product} {ergonomic}
   size_t MaxNewSize                               = 1268776960                                {product} {ergonomic}
   size_t MinHeapDeltaBytes                        = 1048576                                   {product} {ergonomic}
   size_t MinHeapSize                              = 8388608                                   {product} {ergonomic}
    uintx NonNMethodCodeHeapSize                   = 5832704                                {pd product} {ergonomic}
    uintx NonProfiledCodeHeapSize                  = 122945536                              {pd product} {ergonomic}
    uintx ProfiledCodeHeapSize                     = 122880000                              {pd product} {ergonomic}
    uintx ReservedCodeCacheSize                    = 251658240                              {pd product} {ergonomic}
     bool SegmentedCodeCache                       = true                                      {product} {ergonomic}
     bool ShowCodeDetailsInExceptionMessages       = true                                   {manageable} {command line}
   size_t SoftMaxHeapSize                          = 2116026368                             {manageable} {ergonomic}
     bool UseCompressedOops                        = true                           {product lp64_product} {ergonomic}
     bool UseG1GC                                  = true                                      {product} {ergonomic}
     bool UseLargePagesIndividualAllocation        = false                                  {pd product} {ergonomic}

Logging:
Log output configuration:
 #0: stdout all=warning uptime,level,tags foldmultilines=false
 #1: stderr all=off uptime,level,tags foldmultilines=false

Environment Variables:
PATH=C:\Users\LENOVO\.p2\pool\plugins\org.eclipse.justj.openjdk.hotspot.jre.full.win32.x86_64_23.0.1.v20241024-1700\jre\bin;C:/Users/LENOVO/.p2/pool/plugins/org.eclipse.justj.openjdk.hotspot.jre.full.win32.x86_64_23.0.1.v20241024-1700/jre/bin/server;C:/Users/LENOVO/.p2/pool/plugins/org.eclipse.justj.openjdk.hotspot.jre.full.win32.x86_64_23.0.1.v20241024-1700/jre/bin;C:\Program Files\Microsoft MPI\Bin\;C:\WINDOWS\system32;C:\WINDOWS;C:\WINDOWS\System32\Wbem;C:\WINDOWS\System32\WindowsPowerShell\v1.0\;C:\WINDOWS\System32\OpenSSH\;C:\Program Files\Microsoft SQL Server\Client SDK\ODBC\170\Tools\Binn\;C:\Program Files (x86)\Microsoft SQL Server\160\Tools\Binn\;C:\Program Files\Microsoft SQL Server\160\Tools\Binn\;C:\Program Files\Microsoft SQL Server\160\DTS\Binn\;C:\Program Files (x86)\Microsoft SQL Server\160\DTS\Binn\;C:\Program Files\dotnet\;C:\Program Files\Git\cmd;D:\Program Files\nodejs;C:\Program Files\Microsoft SQL Server\150\Tools\Binn\;;C:\Program Files\Docker\Docker\resources\bin;C:\Users\LENOVO\AppData\Local\Microsoft\WindowsApps;C:\Program Files\Azure Data Studio\bin;C:\Users\LENOVO\.dotnet\tools;D:\Program Files\IntelliJ IDEA 2024.3\bin;;C:\Users\LENOVO\AppData\Roaming\npm;D:\Program Files\Microsoft VS Code\bin;D:\Program Files\nodejs;;D:\Program Files\IntelliJ IDEA Community Edition 2024.3.1.1\bin;;C:\WINDOWS\System32;
USERNAME=LENOVO
OS=Windows_NT
PROCESSOR_IDENTIFIER=Intel64 Family 6 Model 158 Stepping 10, GenuineIntel
TMP=C:\Users\LENOVO\AppData\Local\Temp
TEMP=C:\Users\LENOVO\AppData\Local\Temp




Periodic native trim disabled

---------------  S Y S T E M  ---------------

OS:
 Windows 10 , 64 bit Build 19041 (10.0.19041.5198)
OS uptime: 17 days 5:15 hours
Hyper-V role detected

CPU: total 8 (initial active 8) (4 cores per cpu, 2 threads per core) family 6 model 158 stepping 10 microcode 0xde, cx8, cmov, fxsr, ht, mmx, 3dnowpref, sse, sse2, sse3, ssse3, sse4.1, sse4.2, popcnt, lzcnt, tsc, tscinvbit, avx, avx2, aes, erms, clmul, bmi1, bmi2, adx, fma, vzeroupper, clflush, clflushopt, hv, rdtscp, f16c
Processor Information for the first 8 processors :
  Max Mhz: 2304, Current Mhz: 2304, Mhz Limit: 2304

Memory: 4k page, system-wide physical 8066M (1422M free)
TotalPageFile size 18297M (AvailPageFile size 6249M)
current process WorkingSet (physical memory assigned to process): 309M, peak: 419M
current process commit charge ("private bytes"): 341M, peak: 451M

vm_info: OpenJDK 64-Bit Server VM (23.0.1+11) for windows-amd64 JRE (23.0.1+11), built on 2024-10-15T00:00:00Z with MS VC++ 17.7 (VS2022)

END.
